EN register_bank NULL C:/Users/alexvb/Desktop/proyectoarqqq/proyectoarquijulio/P2c_Proyecto_Helloworld_RAM_INT_FLIP/register_bank.vhd sub00/vhpl22 1784223396
AR flip low_level_definition C:/Users/alexvb/Desktop/proyectoarqqq/proyectoarquijulio/P2c_Proyecto_Helloworld_RAM_INT_FLIP/flip.vhd sub00/vhpl09 1784223381
AR stack_ram low_level_definition C:/Users/alexvb/Desktop/proyectoarqqq/proyectoarquijulio/P2c_Proyecto_Helloworld_RAM_INT_FLIP/stack_ram.vhd sub00/vhpl27 1784223401
AR register_bank behavioral C:/Users/alexvb/Desktop/proyectoarqqq/proyectoarquijulio/P2c_Proyecto_Helloworld_RAM_INT_FLIP/register_bank.vhd sub00/vhpl23 1784223397
EN logical_bus_processing NULL C:/Users/alexvb/Desktop/proyectoarqqq/proyectoarquijulio/P2c_Proyecto_Helloworld_RAM_INT_FLIP/logical_bus_processing.vhd sub00/vhpl10 1784223384
EN shift_rotate NULL C:/Users/alexvb/Desktop/proyectoarqqq/proyectoarquijulio/P2c_Proyecto_Helloworld_RAM_INT_FLIP/shift_rotate.vhd sub00/vhpl06 1784223378
AR programa_helloworld_int_flip v1 C:/Users/alexvb/Desktop/proyectoarqqq/proyectoarquijulio/P2c_Proyecto_Helloworld_RAM_INT_FLIP/programa_helloworld_int_FLIP.vhd sub00/vhpl39 1784223413
AR picoblaze behavioral C:/Users/alexvb/Desktop/proyectoarqqq/proyectoarquijulio/P2c_Proyecto_Helloworld_RAM_INT_FLIP/picoblaze.vhd sub00/vhpl37 1784223411
AR addsub8 low_level_definition C:/Users/alexvb/Desktop/proyectoarqqq/proyectoarquijulio/P2c_Proyecto_Helloworld_RAM_INT_FLIP/arithmatic.vhd sub00/vhpl05 1784223377
AR arithmetic_process low_level_definition C:/Users/alexvb/Desktop/proyectoarqqq/proyectoarquijulio/P2c_Proyecto_Helloworld_RAM_INT_FLIP/arithmatic.vhd sub00/vhpl03 1784223375
AR carry_flag_logic low_level_definition C:/Users/alexvb/Desktop/proyectoarqqq/proyectoarquijulio/P2c_Proyecto_Helloworld_RAM_INT_FLIP/carry_flag_logic.vhd sub00/vhpl17 1784223391
EN program_counter NULL C:/Users/alexvb/Desktop/proyectoarqqq/proyectoarquijulio/P2c_Proyecto_Helloworld_RAM_INT_FLIP/program_counter.vhd sub00/vhpl20 1784223394
EN stack_counter NULL C:/Users/alexvb/Desktop/proyectoarqqq/proyectoarquijulio/P2c_Proyecto_Helloworld_RAM_INT_FLIP/stack_counter.vhd sub00/vhpl30 1784223404
AR register_and_flag_enable low_level_definition C:/Users/alexvb/Desktop/proyectoarqqq/proyectoarquijulio/P2c_Proyecto_Helloworld_RAM_INT_FLIP/register_and_flag_enable.vhd sub00/vhpl15 1784223389
EN parity_unit NULL C:/Users/alexvb/Desktop/proyectoarqqq/proyectoarquijulio/P2c_Proyecto_Helloworld_RAM_INT_FLIP/parity_unit.vhd sub00/vhpl42 1784223414
EN flip NULL C:/Users/alexvb/Desktop/proyectoarqqq/proyectoarquijulio/P2c_Proyecto_Helloworld_RAM_INT_FLIP/flip.vhd sub00/vhpl08 1784223380
AR io_strobe_logic low_level_definition C:/Users/alexvb/Desktop/proyectoarqqq/proyectoarquijulio/P2c_Proyecto_Helloworld_RAM_INT_FLIP/IO_strobe_logic.vhd sub00/vhpl01 1784223373
EN register_and_flag_enable NULL C:/Users/alexvb/Desktop/proyectoarqqq/proyectoarquijulio/P2c_Proyecto_Helloworld_RAM_INT_FLIP/register_and_flag_enable.vhd sub00/vhpl14 1784223388
EN toplevel NULL C:/Users/alexvb/Desktop/proyectoarqqq/proyectoarquijulio/P2c_Proyecto_Helloworld_RAM_INT_FLIP/toplevel_helloworld_RAM_Int.vhd sub00/vhpl40 1784223416
EN addsub8 NULL C:/Users/alexvb/Desktop/proyectoarqqq/proyectoarquijulio/P2c_Proyecto_Helloworld_RAM_INT_FLIP/arithmatic.vhd sub00/vhpl04 1784223376
AR ram_x1s behavioral C:/Users/alexvb/Desktop/proyectoarqqq/proyectoarquijulio/P2c_Proyecto_Helloworld_RAM_INT_FLIP/stack_ram.vhd sub00/vhpl29 1784223403
AR swap low_level_definition C:/Users/alexvb/Desktop/proyectoarqqq/proyectoarquijulio/P2c_Proyecto_Helloworld_RAM_INT_FLIP/swap.vhd sub00/vhpl45 1784223383
EN carry_flag_logic NULL C:/Users/alexvb/Desktop/proyectoarqqq/proyectoarquijulio/P2c_Proyecto_Helloworld_RAM_INT_FLIP/carry_flag_logic.vhd sub00/vhpl16 1784223390
EN interrupt_logic NULL C:/Users/alexvb/Desktop/proyectoarqqq/proyectoarquijulio/P2c_Proyecto_Helloworld_RAM_INT_FLIP/interrupt_logic.vhd sub00/vhpl34 1784223408
AR shift_rotate low_level_definition C:/Users/alexvb/Desktop/proyectoarqqq/proyectoarquijulio/P2c_Proyecto_Helloworld_RAM_INT_FLIP/shift_rotate.vhd sub00/vhpl07 1784223379
AR program_counter low_level_definition C:/Users/alexvb/Desktop/proyectoarqqq/proyectoarquijulio/P2c_Proyecto_Helloworld_RAM_INT_FLIP/program_counter.vhd sub00/vhpl21 1784223395
AR logical_bus_processing low_level_definition C:/Users/alexvb/Desktop/proyectoarqqq/proyectoarquijulio/P2c_Proyecto_Helloworld_RAM_INT_FLIP/logical_bus_processing.vhd sub00/vhpl11 1784223385
EN programa_helloworld_int_flip NULL C:/Users/alexvb/Desktop/proyectoarqqq/proyectoarquijulio/P2c_Proyecto_Helloworld_RAM_INT_FLIP/programa_helloworld_int_FLIP.vhd sub00/vhpl38 1784223412
EN stack_ram NULL C:/Users/alexvb/Desktop/proyectoarqqq/proyectoarquijulio/P2c_Proyecto_Helloworld_RAM_INT_FLIP/stack_ram.vhd sub00/vhpl26 1784223400
AR t_state_and_reset low_level_definition C:/Users/alexvb/Desktop/proyectoarqqq/proyectoarquijulio/P2c_Proyecto_Helloworld_RAM_INT_FLIP/T_state_and_Reset.vhd sub00/vhpl13 1784223387
AR ram_nx1 behavioral C:/Users/alexvb/Desktop/proyectoarqqq/proyectoarquijulio/P2c_Proyecto_Helloworld_RAM_INT_FLIP/register_bank.vhd sub00/vhpl25 1784223399
EN io_strobe_logic NULL C:/Users/alexvb/Desktop/proyectoarqqq/proyectoarquijulio/P2c_Proyecto_Helloworld_RAM_INT_FLIP/IO_strobe_logic.vhd sub00/vhpl00 1784223372
AR toplevel behavioral C:/Users/alexvb/Desktop/proyectoarqqq/proyectoarquijulio/P2c_Proyecto_Helloworld_RAM_INT_FLIP/toplevel_helloworld_RAM_Int.vhd sub00/vhpl41 1784223417
EN arithmetic_process NULL C:/Users/alexvb/Desktop/proyectoarqqq/proyectoarquijulio/P2c_Proyecto_Helloworld_RAM_INT_FLIP/arithmatic.vhd sub00/vhpl02 1784223374
AR interrupt_logic low_level_definition C:/Users/alexvb/Desktop/proyectoarqqq/proyectoarquijulio/P2c_Proyecto_Helloworld_RAM_INT_FLIP/interrupt_logic.vhd sub00/vhpl35 1784223409
AR interrupt_capture low_level_definition C:/Users/alexvb/Desktop/proyectoarqqq/proyectoarquijulio/P2c_Proyecto_Helloworld_RAM_INT_FLIP/interrupt_capture.vhd sub00/vhpl33 1784223407
EN ram_x1s NULL C:/Users/alexvb/Desktop/proyectoarqqq/proyectoarquijulio/P2c_Proyecto_Helloworld_RAM_INT_FLIP/stack_ram.vhd sub00/vhpl28 1784223402
EN t_state_and_reset NULL C:/Users/alexvb/Desktop/proyectoarqqq/proyectoarquijulio/P2c_Proyecto_Helloworld_RAM_INT_FLIP/T_state_and_Reset.vhd sub00/vhpl12 1784223386
AR parity_unit behavioral C:/Users/alexvb/Desktop/proyectoarqqq/proyectoarquijulio/P2c_Proyecto_Helloworld_RAM_INT_FLIP/parity_unit.vhd sub00/vhpl43 1784223415
EN picoblaze NULL C:/Users/alexvb/Desktop/proyectoarqqq/proyectoarquijulio/P2c_Proyecto_Helloworld_RAM_INT_FLIP/picoblaze.vhd sub00/vhpl36 1784223410
AR zero_flag_logic low_level_definition C:/Users/alexvb/Desktop/proyectoarqqq/proyectoarquijulio/P2c_Proyecto_Helloworld_RAM_INT_FLIP/zero_flag_logic.vhd sub00/vhpl19 1784223393
EN zero_flag_logic NULL C:/Users/alexvb/Desktop/proyectoarqqq/proyectoarquijulio/P2c_Proyecto_Helloworld_RAM_INT_FLIP/zero_flag_logic.vhd sub00/vhpl18 1784223392
AR stack_counter low_level_definition C:/Users/alexvb/Desktop/proyectoarqqq/proyectoarquijulio/P2c_Proyecto_Helloworld_RAM_INT_FLIP/stack_counter.vhd sub00/vhpl31 1784223405
EN interrupt_capture NULL C:/Users/alexvb/Desktop/proyectoarqqq/proyectoarquijulio/P2c_Proyecto_Helloworld_RAM_INT_FLIP/interrupt_capture.vhd sub00/vhpl32 1784223406
EN ram_nx1 NULL C:/Users/alexvb/Desktop/proyectoarqqq/proyectoarquijulio/P2c_Proyecto_Helloworld_RAM_INT_FLIP/register_bank.vhd sub00/vhpl24 1784223398
EN swap NULL C:/Users/alexvb/Desktop/proyectoarqqq/proyectoarquijulio/P2c_Proyecto_Helloworld_RAM_INT_FLIP/swap.vhd sub00/vhpl44 1784223382
