EN register_bank NULL C:/Users/alexvb/Desktop/proyectoarqqq/proyectoarquijulio/P2c_Proyecto_Helloworld_RAM_INT_FLIP/register_bank.vhd sub00/vhpl22 1784281299
AR flip low_level_definition C:/Users/alexvb/Desktop/proyectoarqqq/proyectoarquijulio/P2c_Proyecto_Helloworld_RAM_INT_FLIP/flip.vhd sub00/vhpl09 1784281284
AR stack_ram low_level_definition C:/Users/alexvb/Desktop/proyectoarqqq/proyectoarquijulio/P2c_Proyecto_Helloworld_RAM_INT_FLIP/stack_ram.vhd sub00/vhpl27 1784281304
AR register_bank behavioral C:/Users/alexvb/Desktop/proyectoarqqq/proyectoarquijulio/P2c_Proyecto_Helloworld_RAM_INT_FLIP/register_bank.vhd sub00/vhpl23 1784281300
EN logical_bus_processing NULL C:/Users/alexvb/Desktop/proyectoarqqq/proyectoarquijulio/P2c_Proyecto_Helloworld_RAM_INT_FLIP/logical_bus_processing.vhd sub00/vhpl10 1784281287
EN shift_rotate NULL C:/Users/alexvb/Desktop/proyectoarqqq/proyectoarquijulio/P2c_Proyecto_Helloworld_RAM_INT_FLIP/shift_rotate.vhd sub00/vhpl06 1784281281
AR programa_helloworld_int_flip v1 C:/Users/alexvb/Desktop/proyectoarqqq/proyectoarquijulio/P2c_Proyecto_Helloworld_RAM_INT_FLIP/programa_helloworld_int_FLIP.vhd sub00/vhpl39 1784281316
AR picoblaze behavioral C:/Users/alexvb/Desktop/proyectoarqqq/proyectoarquijulio/P2c_Proyecto_Helloworld_RAM_INT_FLIP/picoblaze.vhd sub00/vhpl37 1784281314
AR addsub8 low_level_definition C:/Users/alexvb/Desktop/proyectoarqqq/proyectoarquijulio/P2c_Proyecto_Helloworld_RAM_INT_FLIP/arithmatic.vhd sub00/vhpl05 1784281280
AR arithmetic_process low_level_definition C:/Users/alexvb/Desktop/proyectoarqqq/proyectoarquijulio/P2c_Proyecto_Helloworld_RAM_INT_FLIP/arithmatic.vhd sub00/vhpl03 1784281278
AR carry_flag_logic low_level_definition C:/Users/alexvb/Desktop/proyectoarqqq/proyectoarquijulio/P2c_Proyecto_Helloworld_RAM_INT_FLIP/carry_flag_logic.vhd sub00/vhpl17 1784281294
EN program_counter NULL C:/Users/alexvb/Desktop/proyectoarqqq/proyectoarquijulio/P2c_Proyecto_Helloworld_RAM_INT_FLIP/program_counter.vhd sub00/vhpl20 1784281297
EN stack_counter NULL C:/Users/alexvb/Desktop/proyectoarqqq/proyectoarquijulio/P2c_Proyecto_Helloworld_RAM_INT_FLIP/stack_counter.vhd sub00/vhpl30 1784281307
AR register_and_flag_enable low_level_definition C:/Users/alexvb/Desktop/proyectoarqqq/proyectoarquijulio/P2c_Proyecto_Helloworld_RAM_INT_FLIP/register_and_flag_enable.vhd sub00/vhpl15 1784281292
EN parity_unit NULL C:/Users/alexvb/Desktop/proyectoarqqq/proyectoarquijulio/P2c_Proyecto_Helloworld_RAM_INT_FLIP/parity_unit.vhd sub00/vhpl42 1784281317
EN flip NULL C:/Users/alexvb/Desktop/proyectoarqqq/proyectoarquijulio/P2c_Proyecto_Helloworld_RAM_INT_FLIP/flip.vhd sub00/vhpl08 1784281283
AR io_strobe_logic low_level_definition C:/Users/alexvb/Desktop/proyectoarqqq/proyectoarquijulio/P2c_Proyecto_Helloworld_RAM_INT_FLIP/IO_strobe_logic.vhd sub00/vhpl01 1784281276
EN register_and_flag_enable NULL C:/Users/alexvb/Desktop/proyectoarqqq/proyectoarquijulio/P2c_Proyecto_Helloworld_RAM_INT_FLIP/register_and_flag_enable.vhd sub00/vhpl14 1784281291
EN toplevel NULL C:/Users/alexvb/Desktop/proyectoarqqq/proyectoarquijulio/P2c_Proyecto_Helloworld_RAM_INT_FLIP/toplevel_helloworld_RAM_Int.vhd sub00/vhpl40 1784281319
EN addsub8 NULL C:/Users/alexvb/Desktop/proyectoarqqq/proyectoarquijulio/P2c_Proyecto_Helloworld_RAM_INT_FLIP/arithmatic.vhd sub00/vhpl04 1784281279
AR ram_x1s behavioral C:/Users/alexvb/Desktop/proyectoarqqq/proyectoarquijulio/P2c_Proyecto_Helloworld_RAM_INT_FLIP/stack_ram.vhd sub00/vhpl29 1784281306
AR swap low_level_definition C:/Users/alexvb/Desktop/proyectoarqqq/proyectoarquijulio/P2c_Proyecto_Helloworld_RAM_INT_FLIP/swap.vhd sub00/vhpl45 1784281286
EN carry_flag_logic NULL C:/Users/alexvb/Desktop/proyectoarqqq/proyectoarquijulio/P2c_Proyecto_Helloworld_RAM_INT_FLIP/carry_flag_logic.vhd sub00/vhpl16 1784281293
EN interrupt_logic NULL C:/Users/alexvb/Desktop/proyectoarqqq/proyectoarquijulio/P2c_Proyecto_Helloworld_RAM_INT_FLIP/interrupt_logic.vhd sub00/vhpl34 1784281311
AR shift_rotate low_level_definition C:/Users/alexvb/Desktop/proyectoarqqq/proyectoarquijulio/P2c_Proyecto_Helloworld_RAM_INT_FLIP/shift_rotate.vhd sub00/vhpl07 1784281282
AR program_counter low_level_definition C:/Users/alexvb/Desktop/proyectoarqqq/proyectoarquijulio/P2c_Proyecto_Helloworld_RAM_INT_FLIP/program_counter.vhd sub00/vhpl21 1784281298
AR logical_bus_processing low_level_definition C:/Users/alexvb/Desktop/proyectoarqqq/proyectoarquijulio/P2c_Proyecto_Helloworld_RAM_INT_FLIP/logical_bus_processing.vhd sub00/vhpl11 1784281288
EN programa_helloworld_int_flip NULL C:/Users/alexvb/Desktop/proyectoarqqq/proyectoarquijulio/P2c_Proyecto_Helloworld_RAM_INT_FLIP/programa_helloworld_int_FLIP.vhd sub00/vhpl38 1784281315
EN stack_ram NULL C:/Users/alexvb/Desktop/proyectoarqqq/proyectoarquijulio/P2c_Proyecto_Helloworld_RAM_INT_FLIP/stack_ram.vhd sub00/vhpl26 1784281303
AR t_state_and_reset low_level_definition C:/Users/alexvb/Desktop/proyectoarqqq/proyectoarquijulio/P2c_Proyecto_Helloworld_RAM_INT_FLIP/T_state_and_Reset.vhd sub00/vhpl13 1784281290
AR ram_nx1 behavioral C:/Users/alexvb/Desktop/proyectoarqqq/proyectoarquijulio/P2c_Proyecto_Helloworld_RAM_INT_FLIP/register_bank.vhd sub00/vhpl25 1784281302
EN io_strobe_logic NULL C:/Users/alexvb/Desktop/proyectoarqqq/proyectoarquijulio/P2c_Proyecto_Helloworld_RAM_INT_FLIP/IO_strobe_logic.vhd sub00/vhpl00 1784281275
AR toplevel behavioral C:/Users/alexvb/Desktop/proyectoarqqq/proyectoarquijulio/P2c_Proyecto_Helloworld_RAM_INT_FLIP/toplevel_helloworld_RAM_Int.vhd sub00/vhpl41 1784281320
EN arithmetic_process NULL C:/Users/alexvb/Desktop/proyectoarqqq/proyectoarquijulio/P2c_Proyecto_Helloworld_RAM_INT_FLIP/arithmatic.vhd sub00/vhpl02 1784281277
AR interrupt_logic low_level_definition C:/Users/alexvb/Desktop/proyectoarqqq/proyectoarquijulio/P2c_Proyecto_Helloworld_RAM_INT_FLIP/interrupt_logic.vhd sub00/vhpl35 1784281312
AR interrupt_capture low_level_definition C:/Users/alexvb/Desktop/proyectoarqqq/proyectoarquijulio/P2c_Proyecto_Helloworld_RAM_INT_FLIP/interrupt_capture.vhd sub00/vhpl33 1784281310
EN ram_x1s NULL C:/Users/alexvb/Desktop/proyectoarqqq/proyectoarquijulio/P2c_Proyecto_Helloworld_RAM_INT_FLIP/stack_ram.vhd sub00/vhpl28 1784281305
EN t_state_and_reset NULL C:/Users/alexvb/Desktop/proyectoarqqq/proyectoarquijulio/P2c_Proyecto_Helloworld_RAM_INT_FLIP/T_state_and_Reset.vhd sub00/vhpl12 1784281289
AR parity_unit behavioral C:/Users/alexvb/Desktop/proyectoarqqq/proyectoarquijulio/P2c_Proyecto_Helloworld_RAM_INT_FLIP/parity_unit.vhd sub00/vhpl43 1784281318
EN picoblaze NULL C:/Users/alexvb/Desktop/proyectoarqqq/proyectoarquijulio/P2c_Proyecto_Helloworld_RAM_INT_FLIP/picoblaze.vhd sub00/vhpl36 1784281313
AR zero_flag_logic low_level_definition C:/Users/alexvb/Desktop/proyectoarqqq/proyectoarquijulio/P2c_Proyecto_Helloworld_RAM_INT_FLIP/zero_flag_logic.vhd sub00/vhpl19 1784281296
EN zero_flag_logic NULL C:/Users/alexvb/Desktop/proyectoarqqq/proyectoarquijulio/P2c_Proyecto_Helloworld_RAM_INT_FLIP/zero_flag_logic.vhd sub00/vhpl18 1784281295
AR stack_counter low_level_definition C:/Users/alexvb/Desktop/proyectoarqqq/proyectoarquijulio/P2c_Proyecto_Helloworld_RAM_INT_FLIP/stack_counter.vhd sub00/vhpl31 1784281308
EN interrupt_capture NULL C:/Users/alexvb/Desktop/proyectoarqqq/proyectoarquijulio/P2c_Proyecto_Helloworld_RAM_INT_FLIP/interrupt_capture.vhd sub00/vhpl32 1784281309
EN ram_nx1 NULL C:/Users/alexvb/Desktop/proyectoarqqq/proyectoarquijulio/P2c_Proyecto_Helloworld_RAM_INT_FLIP/register_bank.vhd sub00/vhpl24 1784281301
EN swap NULL C:/Users/alexvb/Desktop/proyectoarqqq/proyectoarquijulio/P2c_Proyecto_Helloworld_RAM_INT_FLIP/swap.vhd sub00/vhpl44 1784281285
