EN register_bank NULL C:/Users/alexvb/Desktop/proyectoarqqq/proyectoarquijulio/P2c_Proyecto_Helloworld_RAM_INT_FLIP/register_bank.vhd sub00/vhpl22 1784302813
AR mask low_level_definition C:/Users/alexvb/Desktop/proyectoarqqq/proyectoarquijulio/P2c_Proyecto_Helloworld_RAM_INT_FLIP/mask.vhd sub00/vhpl45 1784302800
AR flip low_level_definition C:/Users/alexvb/Desktop/proyectoarqqq/proyectoarquijulio/P2c_Proyecto_Helloworld_RAM_INT_FLIP/flip.vhd sub00/vhpl09 1784302798
AR stack_ram low_level_definition C:/Users/alexvb/Desktop/proyectoarqqq/proyectoarquijulio/P2c_Proyecto_Helloworld_RAM_INT_FLIP/stack_ram.vhd sub00/vhpl27 1784302818
AR register_bank behavioral C:/Users/alexvb/Desktop/proyectoarqqq/proyectoarquijulio/P2c_Proyecto_Helloworld_RAM_INT_FLIP/register_bank.vhd sub00/vhpl23 1784302814
EN logical_bus_processing NULL C:/Users/alexvb/Desktop/proyectoarqqq/proyectoarquijulio/P2c_Proyecto_Helloworld_RAM_INT_FLIP/logical_bus_processing.vhd sub00/vhpl10 1784302801
EN shift_rotate NULL C:/Users/alexvb/Desktop/proyectoarqqq/proyectoarquijulio/P2c_Proyecto_Helloworld_RAM_INT_FLIP/shift_rotate.vhd sub00/vhpl06 1784302795
AR programa_helloworld_int_flip v1 C:/Users/alexvb/Desktop/proyectoarqqq/proyectoarquijulio/P2c_Proyecto_Helloworld_RAM_INT_FLIP/programa_helloworld_int_FLIP.vhd sub00/vhpl39 1784141630
AR picoblaze behavioral C:/Users/alexvb/Desktop/proyectoarqqq/proyectoarquijulio/P2c_Proyecto_Helloworld_RAM_INT_FLIP/picoblaze.vhd sub00/vhpl37 1784302828
AR addsub8 low_level_definition C:/Users/alexvb/Desktop/proyectoarqqq/proyectoarquijulio/P2c_Proyecto_Helloworld_RAM_INT_FLIP/arithmatic.vhd sub00/vhpl05 1784302794
AR arithmetic_process low_level_definition C:/Users/alexvb/Desktop/proyectoarqqq/proyectoarquijulio/P2c_Proyecto_Helloworld_RAM_INT_FLIP/arithmatic.vhd sub00/vhpl03 1784302792
AR carry_flag_logic low_level_definition C:/Users/alexvb/Desktop/proyectoarqqq/proyectoarquijulio/P2c_Proyecto_Helloworld_RAM_INT_FLIP/carry_flag_logic.vhd sub00/vhpl17 1784302808
EN program_counter NULL C:/Users/alexvb/Desktop/proyectoarqqq/proyectoarquijulio/P2c_Proyecto_Helloworld_RAM_INT_FLIP/program_counter.vhd sub00/vhpl20 1784302811
EN stack_counter NULL C:/Users/alexvb/Desktop/proyectoarqqq/proyectoarquijulio/P2c_Proyecto_Helloworld_RAM_INT_FLIP/stack_counter.vhd sub00/vhpl30 1784302821
AR register_and_flag_enable low_level_definition C:/Users/alexvb/Desktop/proyectoarqqq/proyectoarquijulio/P2c_Proyecto_Helloworld_RAM_INT_FLIP/register_and_flag_enable.vhd sub00/vhpl15 1784302806
EN parity_unit NULL C:/Users/alexvb/Desktop/proyectoarqqq/proyectoarquijulio/P2c_Proyecto_Helloworld_RAM_INT_FLIP/parity_unit.vhd sub00/vhpl42 1784302831
EN flip NULL C:/Users/alexvb/Desktop/proyectoarqqq/proyectoarquijulio/P2c_Proyecto_Helloworld_RAM_INT_FLIP/flip.vhd sub00/vhpl08 1784302797
AR io_strobe_logic low_level_definition C:/Users/alexvb/Desktop/proyectoarqqq/proyectoarquijulio/P2c_Proyecto_Helloworld_RAM_INT_FLIP/IO_strobe_logic.vhd sub00/vhpl01 1784302790
EN register_and_flag_enable NULL C:/Users/alexvb/Desktop/proyectoarqqq/proyectoarquijulio/P2c_Proyecto_Helloworld_RAM_INT_FLIP/register_and_flag_enable.vhd sub00/vhpl14 1784302805
EN toplevel NULL C:/Users/alexvb/Desktop/proyectoarqqq/proyectoarquijulio/P2c_Proyecto_Helloworld_RAM_INT_FLIP/toplevel_helloworld_RAM_Int.vhd sub00/vhpl40 1784302833
EN addsub8 NULL C:/Users/alexvb/Desktop/proyectoarqqq/proyectoarquijulio/P2c_Proyecto_Helloworld_RAM_INT_FLIP/arithmatic.vhd sub00/vhpl04 1784302793
AR ram_x1s behavioral C:/Users/alexvb/Desktop/proyectoarqqq/proyectoarquijulio/P2c_Proyecto_Helloworld_RAM_INT_FLIP/stack_ram.vhd sub00/vhpl29 1784302820
EN carry_flag_logic NULL C:/Users/alexvb/Desktop/proyectoarqqq/proyectoarquijulio/P2c_Proyecto_Helloworld_RAM_INT_FLIP/carry_flag_logic.vhd sub00/vhpl16 1784302807
EN interrupt_logic NULL C:/Users/alexvb/Desktop/proyectoarqqq/proyectoarquijulio/P2c_Proyecto_Helloworld_RAM_INT_FLIP/interrupt_logic.vhd sub00/vhpl34 1784302825
AR shift_rotate low_level_definition C:/Users/alexvb/Desktop/proyectoarqqq/proyectoarquijulio/P2c_Proyecto_Helloworld_RAM_INT_FLIP/shift_rotate.vhd sub00/vhpl07 1784302796
AR program_counter low_level_definition C:/Users/alexvb/Desktop/proyectoarqqq/proyectoarquijulio/P2c_Proyecto_Helloworld_RAM_INT_FLIP/program_counter.vhd sub00/vhpl21 1784302812
AR logical_bus_processing low_level_definition C:/Users/alexvb/Desktop/proyectoarqqq/proyectoarquijulio/P2c_Proyecto_Helloworld_RAM_INT_FLIP/logical_bus_processing.vhd sub00/vhpl11 1784302802
EN programa_helloworld_int_flip NULL C:/Users/alexvb/Desktop/proyectoarqqq/proyectoarquijulio/P2c_Proyecto_Helloworld_RAM_INT_FLIP/programa_helloworld_int_FLIP.vhd sub00/vhpl38 1784141629
EN programa_helloworld_int_mask_paridad NULL C:/Users/alexvb/Desktop/proyectoarqqq/proyectoarquijulio/P2c_Proyecto_Helloworld_RAM_INT_FLIP/programa_helloworld_int_MASK_PARIDAD.vhd sub00/vhpl46 1784302829
EN stack_ram NULL C:/Users/alexvb/Desktop/proyectoarqqq/proyectoarquijulio/P2c_Proyecto_Helloworld_RAM_INT_FLIP/stack_ram.vhd sub00/vhpl26 1784302817
AR t_state_and_reset low_level_definition C:/Users/alexvb/Desktop/proyectoarqqq/proyectoarquijulio/P2c_Proyecto_Helloworld_RAM_INT_FLIP/T_state_and_Reset.vhd sub00/vhpl13 1784302804
AR ram_nx1 behavioral C:/Users/alexvb/Desktop/proyectoarqqq/proyectoarquijulio/P2c_Proyecto_Helloworld_RAM_INT_FLIP/register_bank.vhd sub00/vhpl25 1784302816
EN io_strobe_logic NULL C:/Users/alexvb/Desktop/proyectoarqqq/proyectoarquijulio/P2c_Proyecto_Helloworld_RAM_INT_FLIP/IO_strobe_logic.vhd sub00/vhpl00 1784302789
AR toplevel behavioral C:/Users/alexvb/Desktop/proyectoarqqq/proyectoarquijulio/P2c_Proyecto_Helloworld_RAM_INT_FLIP/toplevel_helloworld_RAM_Int.vhd sub00/vhpl41 1784302834
EN arithmetic_process NULL C:/Users/alexvb/Desktop/proyectoarqqq/proyectoarquijulio/P2c_Proyecto_Helloworld_RAM_INT_FLIP/arithmatic.vhd sub00/vhpl02 1784302791
EN mask NULL C:/Users/alexvb/Desktop/proyectoarqqq/proyectoarquijulio/P2c_Proyecto_Helloworld_RAM_INT_FLIP/mask.vhd sub00/vhpl44 1784302799
AR programa_helloworld_int_mask_paridad v1 C:/Users/alexvb/Desktop/proyectoarqqq/proyectoarquijulio/P2c_Proyecto_Helloworld_RAM_INT_FLIP/programa_helloworld_int_MASK_PARIDAD.vhd sub00/vhpl47 1784302830
AR interrupt_logic low_level_definition C:/Users/alexvb/Desktop/proyectoarqqq/proyectoarquijulio/P2c_Proyecto_Helloworld_RAM_INT_FLIP/interrupt_logic.vhd sub00/vhpl35 1784302826
AR interrupt_capture low_level_definition C:/Users/alexvb/Desktop/proyectoarqqq/proyectoarquijulio/P2c_Proyecto_Helloworld_RAM_INT_FLIP/interrupt_capture.vhd sub00/vhpl33 1784302824
EN ram_x1s NULL C:/Users/alexvb/Desktop/proyectoarqqq/proyectoarquijulio/P2c_Proyecto_Helloworld_RAM_INT_FLIP/stack_ram.vhd sub00/vhpl28 1784302819
EN t_state_and_reset NULL C:/Users/alexvb/Desktop/proyectoarqqq/proyectoarquijulio/P2c_Proyecto_Helloworld_RAM_INT_FLIP/T_state_and_Reset.vhd sub00/vhpl12 1784302803
AR parity_unit behavioral C:/Users/alexvb/Desktop/proyectoarqqq/proyectoarquijulio/P2c_Proyecto_Helloworld_RAM_INT_FLIP/parity_unit.vhd sub00/vhpl43 1784302832
EN picoblaze NULL C:/Users/alexvb/Desktop/proyectoarqqq/proyectoarquijulio/P2c_Proyecto_Helloworld_RAM_INT_FLIP/picoblaze.vhd sub00/vhpl36 1784302827
AR zero_flag_logic low_level_definition C:/Users/alexvb/Desktop/proyectoarqqq/proyectoarquijulio/P2c_Proyecto_Helloworld_RAM_INT_FLIP/zero_flag_logic.vhd sub00/vhpl19 1784302810
EN zero_flag_logic NULL C:/Users/alexvb/Desktop/proyectoarqqq/proyectoarquijulio/P2c_Proyecto_Helloworld_RAM_INT_FLIP/zero_flag_logic.vhd sub00/vhpl18 1784302809
AR stack_counter low_level_definition C:/Users/alexvb/Desktop/proyectoarqqq/proyectoarquijulio/P2c_Proyecto_Helloworld_RAM_INT_FLIP/stack_counter.vhd sub00/vhpl31 1784302822
EN interrupt_capture NULL C:/Users/alexvb/Desktop/proyectoarqqq/proyectoarquijulio/P2c_Proyecto_Helloworld_RAM_INT_FLIP/interrupt_capture.vhd sub00/vhpl32 1784302823
EN ram_nx1 NULL C:/Users/alexvb/Desktop/proyectoarqqq/proyectoarquijulio/P2c_Proyecto_Helloworld_RAM_INT_FLIP/register_bank.vhd sub00/vhpl24 1784302815
