V3 125
FL C:/Borrar/P2b_Proyecto_Helloworld_RAM_INT/arithmatic.vhd 2002/08/16.08:24:50 P.20131013
FL C:/Borrar/P2b_Proyecto_Helloworld_RAM_INT/carry_flag_logic.vhd 2002/08/16.08:24:50 P.20131013
FL C:/Borrar/P2b_Proyecto_Helloworld_RAM_INT/flip.vhd 2013/11/16.11:28:54 P.20131013
FL C:/Borrar/P2b_Proyecto_Helloworld_RAM_INT/interrupt_capture.vhd 2002/08/16.08:24:50 P.20131013
FL C:/Borrar/P2b_Proyecto_Helloworld_RAM_INT/interrupt_logic.vhd 2002/10/11.15:45:10 P.20131013
FL C:/Borrar/P2b_Proyecto_Helloworld_RAM_INT/IO_strobe_logic.vhd 2002/08/16.08:24:50 P.20131013
FL C:/Borrar/P2b_Proyecto_Helloworld_RAM_INT/logical_bus_processing.vhd 2002/08/16.08:24:50 P.20131013
FL C:/Borrar/P2b_Proyecto_Helloworld_RAM_INT/picoblaze.vhd 2020/11/04.15:06:19 P.20131013
FL C:/Borrar/P2b_Proyecto_Helloworld_RAM_INT/programa_helloworld_int_FLIP.vhd 2020/11/04.15:01:26 P.20131013
FL C:/Borrar/P2b_Proyecto_Helloworld_RAM_INT/program_counter.vhd 2002/08/16.08:24:50 P.20131013
FL C:/Borrar/P2b_Proyecto_Helloworld_RAM_INT/register_and_flag_enable.vhd 2020/11/04.15:07:37 P.20131013
FL C:/Borrar/P2b_Proyecto_Helloworld_RAM_INT/register_bank.vhd 2002/10/11.15:46:34 P.20131013
FL C:/Borrar/P2b_Proyecto_Helloworld_RAM_INT/shift_rotate.vhd 2002/08/16.08:24:50 P.20131013
FL C:/Borrar/P2b_Proyecto_Helloworld_RAM_INT/stack_counter.vhd 2002/10/11.15:48:06 P.20131013
FL C:/Borrar/P2b_Proyecto_Helloworld_RAM_INT/stack_ram.vhd 2002/10/11.15:49:02 P.20131013
FL C:/Borrar/P2b_Proyecto_Helloworld_RAM_INT/toplevel_helloworld_RAM_Int.vhd 2020/11/04.15:03:17 P.20131013
FL C:/Borrar/P2b_Proyecto_Helloworld_RAM_INT/T_state_and_Reset.vhd 2002/08/16.08:24:50 P.20131013
FL C:/Borrar/P2b_Proyecto_Helloworld_RAM_INT/zero_flag_logic.vhd 2002/08/16.08:24:50 P.20131013
FL C:/Users/alexvb/Desktop/proyectoarqqq/proyectoarquijulio/P2c_Proyecto_Helloworld_RAM_INT_FLIP/arithmatic.vhd 2026/07/15.19:28:25 P.20131013
EN work/arithmetic_process 1784281277 \
      FL C:/Users/alexvb/Desktop/proyectoarqqq/proyectoarquijulio/P2c_Proyecto_Helloworld_RAM_INT_FLIP/arithmatic.vhd \
      PB ieee/std_logic_1164 1381692176 PB ieee/std_logic_arith 1381692177 \
      PB ieee/STD_LOGIC_UNSIGNED 1381692179
AR work/arithmetic_process/low_level_definition 1784281278 \
      FL C:/Users/alexvb/Desktop/proyectoarqqq/proyectoarquijulio/P2c_Proyecto_Helloworld_RAM_INT_FLIP/arithmatic.vhd \
      EN work/arithmetic_process 1784281277 CP addsub8
EN work/addsub8 1784281279 \
      FL C:/Users/alexvb/Desktop/proyectoarqqq/proyectoarquijulio/P2c_Proyecto_Helloworld_RAM_INT_FLIP/arithmatic.vhd \
      PB ieee/std_logic_1164 1381692176 PB ieee/std_logic_arith 1381692177 \
      PB ieee/STD_LOGIC_UNSIGNED 1381692179
AR work/addsub8/low_level_definition 1784281280 \
      FL C:/Users/alexvb/Desktop/proyectoarqqq/proyectoarquijulio/P2c_Proyecto_Helloworld_RAM_INT_FLIP/arithmatic.vhd \
      EN work/addsub8 1784281279
FL C:/Users/alexvb/Desktop/proyectoarqqq/proyectoarquijulio/P2c_Proyecto_Helloworld_RAM_INT_FLIP/carry_flag_logic.vhd 2026/07/15.19:28:25 P.20131013
EN work/carry_flag_logic 1784281293 \
      FL C:/Users/alexvb/Desktop/proyectoarqqq/proyectoarquijulio/P2c_Proyecto_Helloworld_RAM_INT_FLIP/carry_flag_logic.vhd \
      PB ieee/std_logic_1164 1381692176 PB ieee/std_logic_arith 1381692177 \
      PB ieee/STD_LOGIC_UNSIGNED 1381692179
AR work/carry_flag_logic/low_level_definition 1784281294 \
      FL C:/Users/alexvb/Desktop/proyectoarqqq/proyectoarquijulio/P2c_Proyecto_Helloworld_RAM_INT_FLIP/carry_flag_logic.vhd \
      EN work/carry_flag_logic 1784281293
FL C:/Users/alexvb/Desktop/proyectoarqqq/proyectoarquijulio/P2c_Proyecto_Helloworld_RAM_INT_FLIP/flip.vhd 2026/07/15.19:28:25 P.20131013
EN work/flip 1784281283 \
      FL C:/Users/alexvb/Desktop/proyectoarqqq/proyectoarquijulio/P2c_Proyecto_Helloworld_RAM_INT_FLIP/flip.vhd \
      PB ieee/std_logic_1164 1381692176 PB ieee/std_logic_arith 1381692177 \
      PB ieee/STD_LOGIC_UNSIGNED 1381692179
AR work/flip/low_level_definition 1784281284 \
      FL C:/Users/alexvb/Desktop/proyectoarqqq/proyectoarquijulio/P2c_Proyecto_Helloworld_RAM_INT_FLIP/flip.vhd \
      EN work/flip 1784281283
FL C:/Users/alexvb/Desktop/proyectoarqqq/proyectoarquijulio/P2c_Proyecto_Helloworld_RAM_INT_FLIP/interrupt_capture.vhd 2026/07/15.19:28:25 P.20131013
EN work/interrupt_capture 1784281309 \
      FL C:/Users/alexvb/Desktop/proyectoarqqq/proyectoarquijulio/P2c_Proyecto_Helloworld_RAM_INT_FLIP/interrupt_capture.vhd \
      PB ieee/std_logic_1164 1381692176 PB ieee/std_logic_arith 1381692177 \
      PB ieee/STD_LOGIC_UNSIGNED 1381692179
AR work/interrupt_capture/low_level_definition 1784281310 \
      FL C:/Users/alexvb/Desktop/proyectoarqqq/proyectoarquijulio/P2c_Proyecto_Helloworld_RAM_INT_FLIP/interrupt_capture.vhd \
      EN work/interrupt_capture 1784281309
FL C:/Users/alexvb/Desktop/proyectoarqqq/proyectoarquijulio/P2c_Proyecto_Helloworld_RAM_INT_FLIP/interrupt_logic.vhd 2026/07/15.19:28:25 P.20131013
EN work/interrupt_logic 1784281311 \
      FL C:/Users/alexvb/Desktop/proyectoarqqq/proyectoarquijulio/P2c_Proyecto_Helloworld_RAM_INT_FLIP/interrupt_logic.vhd \
      PB ieee/std_logic_1164 1381692176 PB ieee/std_logic_arith 1381692177 \
      PB ieee/STD_LOGIC_UNSIGNED 1381692179
AR work/interrupt_logic/low_level_definition 1784281312 \
      FL C:/Users/alexvb/Desktop/proyectoarqqq/proyectoarquijulio/P2c_Proyecto_Helloworld_RAM_INT_FLIP/interrupt_logic.vhd \
      EN work/interrupt_logic 1784281311
FL C:/Users/alexvb/Desktop/proyectoarqqq/proyectoarquijulio/P2c_Proyecto_Helloworld_RAM_INT_FLIP/IO_strobe_logic.vhd 2026/07/15.19:28:25 P.20131013
EN work/IO_strobe_logic 1784281275 \
      FL C:/Users/alexvb/Desktop/proyectoarqqq/proyectoarquijulio/P2c_Proyecto_Helloworld_RAM_INT_FLIP/IO_strobe_logic.vhd \
      PB ieee/std_logic_1164 1381692176 PB ieee/std_logic_arith 1381692177 \
      PB ieee/STD_LOGIC_UNSIGNED 1381692179 LB unisim PH unisim/VCOMPONENTS 1381692182
AR work/IO_strobe_logic/low_level_definition 1784281276 \
      FL C:/Users/alexvb/Desktop/proyectoarqqq/proyectoarquijulio/P2c_Proyecto_Helloworld_RAM_INT_FLIP/IO_strobe_logic.vhd \
      EN work/IO_strobe_logic 1784281275
FL C:/Users/alexvb/Desktop/proyectoarqqq/proyectoarquijulio/P2c_Proyecto_Helloworld_RAM_INT_FLIP/logical_bus_processing.vhd 2026/07/15.19:28:25 P.20131013
EN work/logical_bus_processing 1784281287 \
      FL C:/Users/alexvb/Desktop/proyectoarqqq/proyectoarquijulio/P2c_Proyecto_Helloworld_RAM_INT_FLIP/logical_bus_processing.vhd \
      PB ieee/std_logic_1164 1381692176 PB ieee/std_logic_arith 1381692177 \
      PB ieee/STD_LOGIC_UNSIGNED 1381692179
AR work/logical_bus_processing/low_level_definition 1784281288 \
      FL C:/Users/alexvb/Desktop/proyectoarqqq/proyectoarquijulio/P2c_Proyecto_Helloworld_RAM_INT_FLIP/logical_bus_processing.vhd \
      EN work/logical_bus_processing 1784281287
FL C:/Users/alexvb/Desktop/proyectoarqqq/proyectoarquijulio/P2c_Proyecto_Helloworld_RAM_INT_FLIP/parity_unit.vhd 2026/07/15.20:15:21 P.20131013
EN work/parity_unit 1784281317 \
      FL C:/Users/alexvb/Desktop/proyectoarqqq/proyectoarquijulio/P2c_Proyecto_Helloworld_RAM_INT_FLIP/parity_unit.vhd \
      PB ieee/std_logic_1164 1381692176
AR work/parity_unit/Behavioral 1784281318 \
      FL C:/Users/alexvb/Desktop/proyectoarqqq/proyectoarquijulio/P2c_Proyecto_Helloworld_RAM_INT_FLIP/parity_unit.vhd \
      EN work/parity_unit 1784281317
FL C:/Users/alexvb/Desktop/proyectoarqqq/proyectoarquijulio/P2c_Proyecto_Helloworld_RAM_INT_FLIP/picoblaze.vhd 2026/07/15.23:37:23 P.20131013
EN work/picoblaze 1784281313 \
      FL C:/Users/alexvb/Desktop/proyectoarqqq/proyectoarquijulio/P2c_Proyecto_Helloworld_RAM_INT_FLIP/picoblaze.vhd \
      PB ieee/std_logic_1164 1381692176 PB ieee/std_logic_arith 1381692177 \
      PB ieee/STD_LOGIC_UNSIGNED 1381692179
AR work/picoblaze/Behavioral 1784281314 \
      FL C:/Users/alexvb/Desktop/proyectoarqqq/proyectoarquijulio/P2c_Proyecto_Helloworld_RAM_INT_FLIP/picoblaze.vhd \
      EN work/picoblaze 1784281313 CP IO_strobe_logic CP arithmetic_process \
      CP shift_rotate CP flip CP swap CP logical_bus_processing CP T_state_and_Reset \
      CP register_and_flag_enable CP carry_flag_logic CP zero_flag_logic \
      CP program_counter CP register_bank CP stack_ram CP stack_counter \
      CP interrupt_capture CP interrupt_logic
FL C:/Users/alexvb/Desktop/proyectoarqqq/proyectoarquijulio/P2c_Proyecto_Helloworld_RAM_INT_FLIP/programa_helloworld_int_FLIP.vhd 2026/07/17.11:40:39 P.20131013
EN work/programa_helloworld_int_FLIP 1784281315 \
      FL C:/Users/alexvb/Desktop/proyectoarqqq/proyectoarquijulio/P2c_Proyecto_Helloworld_RAM_INT_FLIP/programa_helloworld_int_FLIP.vhd \
      PB ieee/std_logic_1164 1381692176 PB ieee/STD_LOGIC_UNSIGNED 1381692179
AR work/programa_helloworld_int_FLIP/v1 1784281316 \
      FL C:/Users/alexvb/Desktop/proyectoarqqq/proyectoarquijulio/P2c_Proyecto_Helloworld_RAM_INT_FLIP/programa_helloworld_int_FLIP.vhd \
      EN work/programa_helloworld_int_FLIP 1784281315
FL C:/Users/alexvb/Desktop/proyectoarqqq/proyectoarquijulio/P2c_Proyecto_Helloworld_RAM_INT_FLIP/program_counter.vhd 2026/07/15.19:28:25 P.20131013
EN work/program_counter 1784281297 \
      FL C:/Users/alexvb/Desktop/proyectoarqqq/proyectoarquijulio/P2c_Proyecto_Helloworld_RAM_INT_FLIP/program_counter.vhd \
      PB ieee/std_logic_1164 1381692176 PB ieee/std_logic_arith 1381692177 \
      PB ieee/STD_LOGIC_UNSIGNED 1381692179
AR work/program_counter/low_level_definition 1784281298 \
      FL C:/Users/alexvb/Desktop/proyectoarqqq/proyectoarquijulio/P2c_Proyecto_Helloworld_RAM_INT_FLIP/program_counter.vhd \
      EN work/program_counter 1784281297
FL C:/Users/alexvb/Desktop/proyectoarqqq/proyectoarquijulio/P2c_Proyecto_Helloworld_RAM_INT_FLIP/register_and_flag_enable.vhd 2026/07/15.23:30:45 P.20131013
EN work/register_and_flag_enable 1784281291 \
      FL C:/Users/alexvb/Desktop/proyectoarqqq/proyectoarquijulio/P2c_Proyecto_Helloworld_RAM_INT_FLIP/register_and_flag_enable.vhd \
      PB ieee/std_logic_1164 1381692176 PB ieee/std_logic_arith 1381692177 \
      PB ieee/STD_LOGIC_UNSIGNED 1381692179
AR work/register_and_flag_enable/low_level_definition 1784281292 \
      FL C:/Users/alexvb/Desktop/proyectoarqqq/proyectoarquijulio/P2c_Proyecto_Helloworld_RAM_INT_FLIP/register_and_flag_enable.vhd \
      EN work/register_and_flag_enable 1784281291
FL C:/Users/alexvb/Desktop/proyectoarqqq/proyectoarquijulio/P2c_Proyecto_Helloworld_RAM_INT_FLIP/register_bank.vhd 2026/07/15.19:28:25 P.20131013
EN work/register_bank 1784281299 \
      FL C:/Users/alexvb/Desktop/proyectoarqqq/proyectoarquijulio/P2c_Proyecto_Helloworld_RAM_INT_FLIP/register_bank.vhd \
      PB ieee/std_logic_1164 1381692176 PB ieee/std_logic_arith 1381692177 \
      PB ieee/STD_LOGIC_UNSIGNED 1381692179
AR work/register_bank/Behavioral 1784281300 \
      FL C:/Users/alexvb/Desktop/proyectoarqqq/proyectoarquijulio/P2c_Proyecto_Helloworld_RAM_INT_FLIP/register_bank.vhd \
      EN work/register_bank 1784281299 CP ram_Nx1
EN work/ram_Nx1 1784281301 \
      FL C:/Users/alexvb/Desktop/proyectoarqqq/proyectoarquijulio/P2c_Proyecto_Helloworld_RAM_INT_FLIP/register_bank.vhd \
      PB ieee/std_logic_1164 1381692176 PB ieee/std_logic_arith 1381692177 \
      PB ieee/STD_LOGIC_UNSIGNED 1381692179
AR work/ram_Nx1/Behavioral 1784281302 \
      FL C:/Users/alexvb/Desktop/proyectoarqqq/proyectoarquijulio/P2c_Proyecto_Helloworld_RAM_INT_FLIP/register_bank.vhd \
      EN work/ram_Nx1 1784281301
FL C:/Users/alexvb/Desktop/proyectoarqqq/proyectoarquijulio/P2c_Proyecto_Helloworld_RAM_INT_FLIP/shift_rotate.vhd 2026/07/15.19:28:25 P.20131013
EN work/shift_rotate 1784281281 \
      FL C:/Users/alexvb/Desktop/proyectoarqqq/proyectoarquijulio/P2c_Proyecto_Helloworld_RAM_INT_FLIP/shift_rotate.vhd \
      PB ieee/std_logic_1164 1381692176 PB ieee/std_logic_arith 1381692177 \
      PB ieee/STD_LOGIC_UNSIGNED 1381692179
AR work/shift_rotate/low_level_definition 1784281282 \
      FL C:/Users/alexvb/Desktop/proyectoarqqq/proyectoarquijulio/P2c_Proyecto_Helloworld_RAM_INT_FLIP/shift_rotate.vhd \
      EN work/shift_rotate 1784281281
FL C:/Users/alexvb/Desktop/proyectoarqqq/proyectoarquijulio/P2c_Proyecto_Helloworld_RAM_INT_FLIP/stack_counter.vhd 2026/07/15.19:28:25 P.20131013
EN work/stack_counter 1784281307 \
      FL C:/Users/alexvb/Desktop/proyectoarqqq/proyectoarquijulio/P2c_Proyecto_Helloworld_RAM_INT_FLIP/stack_counter.vhd \
      PB ieee/std_logic_1164 1381692176 PB ieee/std_logic_arith 1381692177 \
      PB ieee/STD_LOGIC_UNSIGNED 1381692179
AR work/stack_counter/low_level_definition 1784281308 \
      FL C:/Users/alexvb/Desktop/proyectoarqqq/proyectoarquijulio/P2c_Proyecto_Helloworld_RAM_INT_FLIP/stack_counter.vhd \
      EN work/stack_counter 1784281307
FL C:/Users/alexvb/Desktop/proyectoarqqq/proyectoarquijulio/P2c_Proyecto_Helloworld_RAM_INT_FLIP/stack_ram.vhd 2026/07/15.19:28:25 P.20131013
EN work/stack_ram 1784281303 \
      FL C:/Users/alexvb/Desktop/proyectoarqqq/proyectoarquijulio/P2c_Proyecto_Helloworld_RAM_INT_FLIP/stack_ram.vhd \
      PB ieee/std_logic_1164 1381692176 PB ieee/std_logic_arith 1381692177 \
      PB ieee/STD_LOGIC_UNSIGNED 1381692179
AR work/stack_ram/low_level_definition 1784281304 \
      FL C:/Users/alexvb/Desktop/proyectoarqqq/proyectoarquijulio/P2c_Proyecto_Helloworld_RAM_INT_FLIP/stack_ram.vhd \
      EN work/stack_ram 1784281303 CP ram_x1s
EN work/ram_x1s 1784281305 \
      FL C:/Users/alexvb/Desktop/proyectoarqqq/proyectoarquijulio/P2c_Proyecto_Helloworld_RAM_INT_FLIP/stack_ram.vhd \
      PB ieee/std_logic_1164 1381692176 PB ieee/std_logic_arith 1381692177 \
      PB ieee/STD_LOGIC_UNSIGNED 1381692179
AR work/ram_x1s/Behavioral 1784281306 \
      FL C:/Users/alexvb/Desktop/proyectoarqqq/proyectoarquijulio/P2c_Proyecto_Helloworld_RAM_INT_FLIP/stack_ram.vhd \
      EN work/ram_x1s 1784281305
FL C:/Users/alexvb/Desktop/proyectoarqqq/proyectoarquijulio/P2c_Proyecto_Helloworld_RAM_INT_FLIP/swap.vhd 2026/07/15.23:26:35 P.20131013
EN work/swap 1784281285 \
      FL C:/Users/alexvb/Desktop/proyectoarqqq/proyectoarquijulio/P2c_Proyecto_Helloworld_RAM_INT_FLIP/swap.vhd \
      PB ieee/std_logic_1164 1381692176 PB ieee/std_logic_arith 1381692177 \
      PB ieee/STD_LOGIC_UNSIGNED 1381692179
AR work/swap/low_level_definition 1784281286 \
      FL C:/Users/alexvb/Desktop/proyectoarqqq/proyectoarquijulio/P2c_Proyecto_Helloworld_RAM_INT_FLIP/swap.vhd \
      EN work/swap 1784281285
FL C:/Users/alexvb/Desktop/proyectoarqqq/proyectoarquijulio/P2c_Proyecto_Helloworld_RAM_INT_FLIP/toplevel_helloworld_RAM_Int.vhd 2026/07/15.19:28:25 P.20131013
EN work/toplevel 1784281319 \
      FL C:/Users/alexvb/Desktop/proyectoarqqq/proyectoarquijulio/P2c_Proyecto_Helloworld_RAM_INT_FLIP/toplevel_helloworld_RAM_Int.vhd \
      PB ieee/std_logic_1164 1381692176 PB ieee/NUMERIC_STD 1381692181
AR work/toplevel/behavioral 1784281320 \
      FL C:/Users/alexvb/Desktop/proyectoarqqq/proyectoarquijulio/P2c_Proyecto_Helloworld_RAM_INT_FLIP/toplevel_helloworld_RAM_Int.vhd \
      EN work/toplevel 1784281319 CP picoblaze CP programa_helloworld_int_FLIP \
      CP parity_unit
FL C:/Users/alexvb/Desktop/proyectoarqqq/proyectoarquijulio/P2c_Proyecto_Helloworld_RAM_INT_FLIP/T_state_and_Reset.vhd 2026/07/15.19:28:25 P.20131013
EN work/T_state_and_Reset 1784281289 \
      FL C:/Users/alexvb/Desktop/proyectoarqqq/proyectoarquijulio/P2c_Proyecto_Helloworld_RAM_INT_FLIP/T_state_and_Reset.vhd \
      PB ieee/std_logic_1164 1381692176 PB ieee/std_logic_arith 1381692177 \
      PB ieee/STD_LOGIC_UNSIGNED 1381692179
AR work/T_state_and_Reset/low_level_definition 1784281290 \
      FL C:/Users/alexvb/Desktop/proyectoarqqq/proyectoarquijulio/P2c_Proyecto_Helloworld_RAM_INT_FLIP/T_state_and_Reset.vhd \
      EN work/T_state_and_Reset 1784281289
FL C:/Users/alexvb/Desktop/proyectoarqqq/proyectoarquijulio/P2c_Proyecto_Helloworld_RAM_INT_FLIP/zero_flag_logic.vhd 2026/07/15.19:28:25 P.20131013
EN work/zero_flag_logic 1784281295 \
      FL C:/Users/alexvb/Desktop/proyectoarqqq/proyectoarquijulio/P2c_Proyecto_Helloworld_RAM_INT_FLIP/zero_flag_logic.vhd \
      PB ieee/std_logic_1164 1381692176 PB ieee/std_logic_arith 1381692177 \
      PB ieee/STD_LOGIC_UNSIGNED 1381692179
AR work/zero_flag_logic/low_level_definition 1784281296 \
      FL C:/Users/alexvb/Desktop/proyectoarqqq/proyectoarquijulio/P2c_Proyecto_Helloworld_RAM_INT_FLIP/zero_flag_logic.vhd \
      EN work/zero_flag_logic 1784281295
FL C:/Xilinx/Practicas_4AHC/Practica2_Picoblaze/P2c_Picoblaze_Helloworld_RAM_INT_FLIP/P2c_Proyecto_Helloworld_RAM_INT_FLIP/arithmatic.vhd 2002/08/16.08:24:50 P.20131013
FL C:/Xilinx/Practicas_4AHC/Practica2_Picoblaze/P2c_Picoblaze_Helloworld_RAM_INT_FLIP/P2c_Proyecto_Helloworld_RAM_INT_FLIP/carry_flag_logic.vhd 2002/08/16.08:24:50 P.20131013
FL C:/Xilinx/Practicas_4AHC/Practica2_Picoblaze/P2c_Picoblaze_Helloworld_RAM_INT_FLIP/P2c_Proyecto_Helloworld_RAM_INT_FLIP/flip.vhd 2013/11/16.11:28:54 P.20131013
FL C:/Xilinx/Practicas_4AHC/Practica2_Picoblaze/P2c_Picoblaze_Helloworld_RAM_INT_FLIP/P2c_Proyecto_Helloworld_RAM_INT_FLIP/interrupt_capture.vhd 2002/08/16.08:24:50 P.20131013
FL C:/Xilinx/Practicas_4AHC/Practica2_Picoblaze/P2c_Picoblaze_Helloworld_RAM_INT_FLIP/P2c_Proyecto_Helloworld_RAM_INT_FLIP/interrupt_logic.vhd 2002/10/11.15:45:10 P.20131013
FL C:/Xilinx/Practicas_4AHC/Practica2_Picoblaze/P2c_Picoblaze_Helloworld_RAM_INT_FLIP/P2c_Proyecto_Helloworld_RAM_INT_FLIP/IO_strobe_logic.vhd 2002/08/16.08:24:50 P.20131013
FL C:/Xilinx/Practicas_4AHC/Practica2_Picoblaze/P2c_Picoblaze_Helloworld_RAM_INT_FLIP/P2c_Proyecto_Helloworld_RAM_INT_FLIP/logical_bus_processing.vhd 2002/08/16.08:24:50 P.20131013
FL C:/Xilinx/Practicas_4AHC/Practica2_Picoblaze/P2c_Picoblaze_Helloworld_RAM_INT_FLIP/P2c_Proyecto_Helloworld_RAM_INT_FLIP/picoblaze.vhd 2020/11/04.15:06:19 P.20131013
FL C:/Xilinx/Practicas_4AHC/Practica2_Picoblaze/P2c_Picoblaze_Helloworld_RAM_INT_FLIP/P2c_Proyecto_Helloworld_RAM_INT_FLIP/programa_helloworld_int_FLIP.vhd 2020/11/05.18:55:58 P.20131013
FL C:/Xilinx/Practicas_4AHC/Practica2_Picoblaze/P2c_Picoblaze_Helloworld_RAM_INT_FLIP/P2c_Proyecto_Helloworld_RAM_INT_FLIP/program_counter.vhd 2002/08/16.08:24:50 P.20131013
FL C:/Xilinx/Practicas_4AHC/Practica2_Picoblaze/P2c_Picoblaze_Helloworld_RAM_INT_FLIP/P2c_Proyecto_Helloworld_RAM_INT_FLIP/register_and_flag_enable.vhd 2020/11/04.15:07:37 P.20131013
FL C:/Xilinx/Practicas_4AHC/Practica2_Picoblaze/P2c_Picoblaze_Helloworld_RAM_INT_FLIP/P2c_Proyecto_Helloworld_RAM_INT_FLIP/register_bank.vhd 2002/10/11.15:46:34 P.20131013
FL C:/Xilinx/Practicas_4AHC/Practica2_Picoblaze/P2c_Picoblaze_Helloworld_RAM_INT_FLIP/P2c_Proyecto_Helloworld_RAM_INT_FLIP/shift_rotate.vhd 2002/08/16.08:24:50 P.20131013
FL C:/Xilinx/Practicas_4AHC/Practica2_Picoblaze/P2c_Picoblaze_Helloworld_RAM_INT_FLIP/P2c_Proyecto_Helloworld_RAM_INT_FLIP/stack_counter.vhd 2002/10/11.15:48:06 P.20131013
FL C:/Xilinx/Practicas_4AHC/Practica2_Picoblaze/P2c_Picoblaze_Helloworld_RAM_INT_FLIP/P2c_Proyecto_Helloworld_RAM_INT_FLIP/stack_ram.vhd 2002/10/11.15:49:02 P.20131013
FL C:/Xilinx/Practicas_4AHC/Practica2_Picoblaze/P2c_Picoblaze_Helloworld_RAM_INT_FLIP/P2c_Proyecto_Helloworld_RAM_INT_FLIP/toplevel_helloworld_RAM_Int.vhd 2020/11/04.15:03:17 P.20131013
FL C:/Xilinx/Practicas_4AHC/Practica2_Picoblaze/P2c_Picoblaze_Helloworld_RAM_INT_FLIP/P2c_Proyecto_Helloworld_RAM_INT_FLIP/T_state_and_Reset.vhd 2002/08/16.08:24:50 P.20131013
FL C:/Xilinx/Practicas_4AHC/Practica2_Picoblaze/P2c_Picoblaze_Helloworld_RAM_INT_FLIP/P2c_Proyecto_Helloworld_RAM_INT_FLIP/zero_flag_logic.vhd 2002/08/16.08:24:50 P.20131013
