--------------------------------------------------------------------------------
Release 14.7 Trace  (nt64)
Copyright (c) 1995-2013 Xilinx, Inc.  All rights reserved.

C:\Xilinx\14.7\ISE_DS\ISE\bin\nt64\unwrapped\trce.exe -intstyle ise -v 3 -s 4
-n 3 -fastpaths -xml toplevel.twx toplevel.ncd -o toplevel.twr toplevel.pcf
-ucf PicoBlaze_s3estarter.ucf

Design file:              toplevel.ncd
Physical constraint file: toplevel.pcf
Device,package,speed:     xc3s500e,fg320,-4 (PRODUCTION 1.27 2013-10-13)
Report level:             verbose report

Environment Variable      Effect 
--------------------      ------ 
NONE                      No environment variables were set
--------------------------------------------------------------------------------

INFO:Timing:3412 - To improve timing, see the Timing Closure User Guide (UG612).
INFO:Timing:2752 - To get complete path coverage, use the unconstrained paths 
   option. All paths that are not constrained will be reported in the 
   unconstrained paths section(s) of the report.
INFO:Timing:3339 - The clock-to-out numbers in this timing report are based on 
   a 50 Ohm transmission line loading model.  For the details of this model, 
   and for more information on accounting for different loading conditions, 
   please see the device datasheet.
INFO:Timing:3390 - This architecture does not support a default System Jitter 
   value, please add SYSTEM_JITTER constraint to the UCF to modify the Clock 
   Uncertainty calculation.
INFO:Timing:3389 - This architecture does not support 'Discrete Jitter' and 
   'Phase Error' calculations, these terms will be zero in the Clock 
   Uncertainty calculation.  Please make appropriate modification to 
   SYSTEM_JITTER to account for the unsupported Discrete Jitter and Phase 
   Error.

================================================================================
Timing constraint: NET "clk_BUFGP/IBUFG" PERIOD = 20 ns HIGH 40%;
For more information, see Period Analysis in the Timing Closure User Guide (UG612).

 50094 paths analyzed, 727 endpoints analyzed, 0 failing endpoints
 0 timing errors detected. (0 setup errors, 0 hold errors, 0 component switching limit errors)
 Minimum period is  16.808ns.
--------------------------------------------------------------------------------

Paths for end point processor/zero_logic/zero_flag (SLICE_X12Y52.F3), 2127 paths
--------------------------------------------------------------------------------
Slack (setup path):     3.192ns (requirement - (data path - clock path skew + uncertainty))
  Source:               program/Mrom_dout_rom0000.A (RAM)
  Destination:          processor/zero_logic/zero_flag (FF)
  Requirement:          20.000ns
  Data Path Delay:      16.774ns (Levels of Logic = 6)
  Clock Path Skew:      -0.034ns (0.034 - 0.068)
  Source Clock:         clk_BUFGP rising at 0.000ns
  Destination Clock:    clk_BUFGP rising at 20.000ns
  Clock Uncertainty:    0.000ns

  Maximum Data Path: program/Mrom_dout_rom0000.A to processor/zero_logic/zero_flag
    Location             Delay type         Delay(ns)  Physical Resource
                                                       Logical Resource(s)
    -------------------------------------------------  -------------------
    RAMB16_X0Y5.DOA7     Tbcko                 2.812   program/Mrom_dout_rom0000
                                                       program/Mrom_dout_rom0000.A
    SLICE_X7Y88.BY       net (fanout=11)       3.371   instruction<7>
    SLICE_X7Y88.Y        Tbyy                  0.850   processor/sY_register<5>
                                                       processor/data_registers/bus_width_loop[5].data_register_bit/Mmux_dpo_2_f6
    SLICE_X3Y57.F1       net (fanout=2)        1.728   processor/sY_register<5>
    SLICE_X3Y57.X        Tif5x                 1.025   N141
                                                       inport<0>4_SW0_G
                                                       inport<0>4_SW0
    SLICE_X12Y54.G1      net (fanout=9)        1.538   N141
    SLICE_X12Y54.Y       Tilo                  0.759   N45
                                                       inport<1>15_SW0
    SLICE_X14Y42.F4      net (fanout=1)        0.680   N48
    SLICE_X14Y42.X       Tilo                  0.759   processor/data_registers/bus_width_loop[1].data_register_bit/rambit<0>
                                                       processor/ALU_result_1_or000065
    SLICE_X12Y59.F1      net (fanout=8)        1.079   processor/ALU_result<1>
    SLICE_X12Y59.X       Tilo                  0.759   processor/data_registers/bus_width_loop[4].data_register_bit/rambit<0>
                                                       processor/zero_logic/next_zero_flag33
    SLICE_X12Y52.F3      net (fanout=1)        0.522   processor/zero_logic/next_zero_flag33
    SLICE_X12Y52.CLK     Tfck                  0.892   processor/zero_logic/zero_flag
                                                       processor/zero_logic/next_zero_flag49
                                                       processor/zero_logic/zero_flag
    -------------------------------------------------  ---------------------------
    Total                                     16.774ns (7.856ns logic, 8.918ns route)
                                                       (46.8% logic, 53.2% route)

--------------------------------------------------------------------------------
Slack (setup path):     3.197ns (requirement - (data path - clock path skew + uncertainty))
  Source:               program/Mrom_dout_rom0000.A (RAM)
  Destination:          processor/zero_logic/zero_flag (FF)
  Requirement:          20.000ns
  Data Path Delay:      16.769ns (Levels of Logic = 7)
  Clock Path Skew:      -0.034ns (0.034 - 0.068)
  Source Clock:         clk_BUFGP rising at 0.000ns
  Destination Clock:    clk_BUFGP rising at 20.000ns
  Clock Uncertainty:    0.000ns

  Maximum Data Path: program/Mrom_dout_rom0000.A to processor/zero_logic/zero_flag
    Location             Delay type         Delay(ns)  Physical Resource
                                                       Logical Resource(s)
    -------------------------------------------------  -------------------
    RAMB16_X0Y5.DOA6     Tbcko                 2.812   program/Mrom_dout_rom0000
                                                       program/Mrom_dout_rom0000.A
    SLICE_X7Y88.BX       net (fanout=19)       3.106   instruction<6>
    SLICE_X7Y88.F5       Tbxf5                 0.589   processor/sY_register<5>
                                                       processor/data_registers/bus_width_loop[5].data_register_bit/Mmux_dpo_3_f5
    SLICE_X7Y88.FXINA    net (fanout=1)        0.000   processor/data_registers/bus_width_loop[5].data_register_bit/Mmux_dpo_3_f5
    SLICE_X7Y88.Y        Tif6y                 0.521   processor/sY_register<5>
                                                       processor/data_registers/bus_width_loop[5].data_register_bit/Mmux_dpo_2_f6
    SLICE_X3Y57.F1       net (fanout=2)        1.728   processor/sY_register<5>
    SLICE_X3Y57.X        Tif5x                 1.025   N141
                                                       inport<0>4_SW0_G
                                                       inport<0>4_SW0
    SLICE_X12Y54.G1      net (fanout=9)        1.538   N141
    SLICE_X12Y54.Y       Tilo                  0.759   N45
                                                       inport<1>15_SW0
    SLICE_X14Y42.F4      net (fanout=1)        0.680   N48
    SLICE_X14Y42.X       Tilo                  0.759   processor/data_registers/bus_width_loop[1].data_register_bit/rambit<0>
                                                       processor/ALU_result_1_or000065
    SLICE_X12Y59.F1      net (fanout=8)        1.079   processor/ALU_result<1>
    SLICE_X12Y59.X       Tilo                  0.759   processor/data_registers/bus_width_loop[4].data_register_bit/rambit<0>
                                                       processor/zero_logic/next_zero_flag33
    SLICE_X12Y52.F3      net (fanout=1)        0.522   processor/zero_logic/next_zero_flag33
    SLICE_X12Y52.CLK     Tfck                  0.892   processor/zero_logic/zero_flag
                                                       processor/zero_logic/next_zero_flag49
                                                       processor/zero_logic/zero_flag
    -------------------------------------------------  ---------------------------
    Total                                     16.769ns (8.116ns logic, 8.653ns route)
                                                       (48.4% logic, 51.6% route)

--------------------------------------------------------------------------------
Slack (setup path):     3.197ns (requirement - (data path - clock path skew + uncertainty))
  Source:               program/Mrom_dout_rom0000.A (RAM)
  Destination:          processor/zero_logic/zero_flag (FF)
  Requirement:          20.000ns
  Data Path Delay:      16.769ns (Levels of Logic = 7)
  Clock Path Skew:      -0.034ns (0.034 - 0.068)
  Source Clock:         clk_BUFGP rising at 0.000ns
  Destination Clock:    clk_BUFGP rising at 20.000ns
  Clock Uncertainty:    0.000ns

  Maximum Data Path: program/Mrom_dout_rom0000.A to processor/zero_logic/zero_flag
    Location             Delay type         Delay(ns)  Physical Resource
                                                       Logical Resource(s)
    -------------------------------------------------  -------------------
    RAMB16_X0Y5.DOA6     Tbcko                 2.812   program/Mrom_dout_rom0000
                                                       program/Mrom_dout_rom0000.A
    SLICE_X7Y89.BX       net (fanout=19)       3.106   instruction<6>
    SLICE_X7Y89.F5       Tbxf5                 0.589   processor/data_registers/bus_width_loop[5].data_register_bit/Mmux_dpo_4_f5
                                                       processor/data_registers/bus_width_loop[5].data_register_bit/Mmux_dpo_4_f5
    SLICE_X7Y88.FXINB    net (fanout=1)        0.000   processor/data_registers/bus_width_loop[5].data_register_bit/Mmux_dpo_4_f5
    SLICE_X7Y88.Y        Tif6y                 0.521   processor/sY_register<5>
                                                       processor/data_registers/bus_width_loop[5].data_register_bit/Mmux_dpo_2_f6
    SLICE_X3Y57.F1       net (fanout=2)        1.728   processor/sY_register<5>
    SLICE_X3Y57.X        Tif5x                 1.025   N141
                                                       inport<0>4_SW0_G
                                                       inport<0>4_SW0
    SLICE_X12Y54.G1      net (fanout=9)        1.538   N141
    SLICE_X12Y54.Y       Tilo                  0.759   N45
                                                       inport<1>15_SW0
    SLICE_X14Y42.F4      net (fanout=1)        0.680   N48
    SLICE_X14Y42.X       Tilo                  0.759   processor/data_registers/bus_width_loop[1].data_register_bit/rambit<0>
                                                       processor/ALU_result_1_or000065
    SLICE_X12Y59.F1      net (fanout=8)        1.079   processor/ALU_result<1>
    SLICE_X12Y59.X       Tilo                  0.759   processor/data_registers/bus_width_loop[4].data_register_bit/rambit<0>
                                                       processor/zero_logic/next_zero_flag33
    SLICE_X12Y52.F3      net (fanout=1)        0.522   processor/zero_logic/next_zero_flag33
    SLICE_X12Y52.CLK     Tfck                  0.892   processor/zero_logic/zero_flag
                                                       processor/zero_logic/next_zero_flag49
                                                       processor/zero_logic/zero_flag
    -------------------------------------------------  ---------------------------
    Total                                     16.769ns (8.116ns logic, 8.653ns route)
                                                       (48.4% logic, 51.6% route)

--------------------------------------------------------------------------------

Paths for end point processor/zero_logic/zero_flag (SLICE_X12Y52.F4), 1598 paths
--------------------------------------------------------------------------------
Slack (setup path):     3.315ns (requirement - (data path - clock path skew + uncertainty))
  Source:               program/Mrom_dout_rom0000.A (RAM)
  Destination:          processor/zero_logic/zero_flag (FF)
  Requirement:          20.000ns
  Data Path Delay:      16.651ns (Levels of Logic = 6)
  Clock Path Skew:      -0.034ns (0.034 - 0.068)
  Source Clock:         clk_BUFGP rising at 0.000ns
  Destination Clock:    clk_BUFGP rising at 20.000ns
  Clock Uncertainty:    0.000ns

  Maximum Data Path: program/Mrom_dout_rom0000.A to processor/zero_logic/zero_flag
    Location             Delay type         Delay(ns)  Physical Resource
                                                       Logical Resource(s)
    -------------------------------------------------  -------------------
    RAMB16_X0Y5.DOA7     Tbcko                 2.812   program/Mrom_dout_rom0000
                                                       program/Mrom_dout_rom0000.A
    SLICE_X7Y88.BY       net (fanout=11)       3.371   instruction<7>
    SLICE_X7Y88.Y        Tbyy                  0.850   processor/sY_register<5>
                                                       processor/data_registers/bus_width_loop[5].data_register_bit/Mmux_dpo_2_f6
    SLICE_X3Y57.F1       net (fanout=2)        1.728   processor/sY_register<5>
    SLICE_X3Y57.X        Tif5x                 1.025   N141
                                                       inport<0>4_SW0_G
                                                       inport<0>4_SW0
    SLICE_X12Y74.F1      net (fanout=9)        2.093   N141
    SLICE_X12Y74.X       Tilo                  0.759   N57
                                                       inport<5>15_SW0
    SLICE_X13Y79.F3      net (fanout=1)        0.568   N57
    SLICE_X13Y79.X       Tilo                  0.704   processor/data_registers/bus_width_loop[5].data_register_bit/rambit<0>
                                                       processor/ALU_result_5_or000038
    SLICE_X12Y52.G4      net (fanout=8)        1.067   processor/ALU_result<5>
    SLICE_X12Y52.Y       Tilo                  0.759   processor/zero_logic/zero_flag
                                                       processor/zero_logic/next_zero_flag49_SW0_SW0
    SLICE_X12Y52.F4      net (fanout=1)        0.023   processor/zero_logic/next_zero_flag49_SW0_SW0/O
    SLICE_X12Y52.CLK     Tfck                  0.892   processor/zero_logic/zero_flag
                                                       processor/zero_logic/next_zero_flag49
                                                       processor/zero_logic/zero_flag
    -------------------------------------------------  ---------------------------
    Total                                     16.651ns (7.801ns logic, 8.850ns route)
                                                       (46.9% logic, 53.1% route)

--------------------------------------------------------------------------------
Slack (setup path):     3.320ns (requirement - (data path - clock path skew + uncertainty))
  Source:               program/Mrom_dout_rom0000.A (RAM)
  Destination:          processor/zero_logic/zero_flag (FF)
  Requirement:          20.000ns
  Data Path Delay:      16.646ns (Levels of Logic = 7)
  Clock Path Skew:      -0.034ns (0.034 - 0.068)
  Source Clock:         clk_BUFGP rising at 0.000ns
  Destination Clock:    clk_BUFGP rising at 20.000ns
  Clock Uncertainty:    0.000ns

  Maximum Data Path: program/Mrom_dout_rom0000.A to processor/zero_logic/zero_flag
    Location             Delay type         Delay(ns)  Physical Resource
                                                       Logical Resource(s)
    -------------------------------------------------  -------------------
    RAMB16_X0Y5.DOA6     Tbcko                 2.812   program/Mrom_dout_rom0000
                                                       program/Mrom_dout_rom0000.A
    SLICE_X7Y88.BX       net (fanout=19)       3.106   instruction<6>
    SLICE_X7Y88.F5       Tbxf5                 0.589   processor/sY_register<5>
                                                       processor/data_registers/bus_width_loop[5].data_register_bit/Mmux_dpo_3_f5
    SLICE_X7Y88.FXINA    net (fanout=1)        0.000   processor/data_registers/bus_width_loop[5].data_register_bit/Mmux_dpo_3_f5
    SLICE_X7Y88.Y        Tif6y                 0.521   processor/sY_register<5>
                                                       processor/data_registers/bus_width_loop[5].data_register_bit/Mmux_dpo_2_f6
    SLICE_X3Y57.F1       net (fanout=2)        1.728   processor/sY_register<5>
    SLICE_X3Y57.X        Tif5x                 1.025   N141
                                                       inport<0>4_SW0_G
                                                       inport<0>4_SW0
    SLICE_X12Y74.F1      net (fanout=9)        2.093   N141
    SLICE_X12Y74.X       Tilo                  0.759   N57
                                                       inport<5>15_SW0
    SLICE_X13Y79.F3      net (fanout=1)        0.568   N57
    SLICE_X13Y79.X       Tilo                  0.704   processor/data_registers/bus_width_loop[5].data_register_bit/rambit<0>
                                                       processor/ALU_result_5_or000038
    SLICE_X12Y52.G4      net (fanout=8)        1.067   processor/ALU_result<5>
    SLICE_X12Y52.Y       Tilo                  0.759   processor/zero_logic/zero_flag
                                                       processor/zero_logic/next_zero_flag49_SW0_SW0
    SLICE_X12Y52.F4      net (fanout=1)        0.023   processor/zero_logic/next_zero_flag49_SW0_SW0/O
    SLICE_X12Y52.CLK     Tfck                  0.892   processor/zero_logic/zero_flag
                                                       processor/zero_logic/next_zero_flag49
                                                       processor/zero_logic/zero_flag
    -------------------------------------------------  ---------------------------
    Total                                     16.646ns (8.061ns logic, 8.585ns route)
                                                       (48.4% logic, 51.6% route)

--------------------------------------------------------------------------------
Slack (setup path):     3.320ns (requirement - (data path - clock path skew + uncertainty))
  Source:               program/Mrom_dout_rom0000.A (RAM)
  Destination:          processor/zero_logic/zero_flag (FF)
  Requirement:          20.000ns
  Data Path Delay:      16.646ns (Levels of Logic = 7)
  Clock Path Skew:      -0.034ns (0.034 - 0.068)
  Source Clock:         clk_BUFGP rising at 0.000ns
  Destination Clock:    clk_BUFGP rising at 20.000ns
  Clock Uncertainty:    0.000ns

  Maximum Data Path: program/Mrom_dout_rom0000.A to processor/zero_logic/zero_flag
    Location             Delay type         Delay(ns)  Physical Resource
                                                       Logical Resource(s)
    -------------------------------------------------  -------------------
    RAMB16_X0Y5.DOA6     Tbcko                 2.812   program/Mrom_dout_rom0000
                                                       program/Mrom_dout_rom0000.A
    SLICE_X7Y89.BX       net (fanout=19)       3.106   instruction<6>
    SLICE_X7Y89.F5       Tbxf5                 0.589   processor/data_registers/bus_width_loop[5].data_register_bit/Mmux_dpo_4_f5
                                                       processor/data_registers/bus_width_loop[5].data_register_bit/Mmux_dpo_4_f5
    SLICE_X7Y88.FXINB    net (fanout=1)        0.000   processor/data_registers/bus_width_loop[5].data_register_bit/Mmux_dpo_4_f5
    SLICE_X7Y88.Y        Tif6y                 0.521   processor/sY_register<5>
                                                       processor/data_registers/bus_width_loop[5].data_register_bit/Mmux_dpo_2_f6
    SLICE_X3Y57.F1       net (fanout=2)        1.728   processor/sY_register<5>
    SLICE_X3Y57.X        Tif5x                 1.025   N141
                                                       inport<0>4_SW0_G
                                                       inport<0>4_SW0
    SLICE_X12Y74.F1      net (fanout=9)        2.093   N141
    SLICE_X12Y74.X       Tilo                  0.759   N57
                                                       inport<5>15_SW0
    SLICE_X13Y79.F3      net (fanout=1)        0.568   N57
    SLICE_X13Y79.X       Tilo                  0.704   processor/data_registers/bus_width_loop[5].data_register_bit/rambit<0>
                                                       processor/ALU_result_5_or000038
    SLICE_X12Y52.G4      net (fanout=8)        1.067   processor/ALU_result<5>
    SLICE_X12Y52.Y       Tilo                  0.759   processor/zero_logic/zero_flag
                                                       processor/zero_logic/next_zero_flag49_SW0_SW0
    SLICE_X12Y52.F4      net (fanout=1)        0.023   processor/zero_logic/next_zero_flag49_SW0_SW0/O
    SLICE_X12Y52.CLK     Tfck                  0.892   processor/zero_logic/zero_flag
                                                       processor/zero_logic/next_zero_flag49
                                                       processor/zero_logic/zero_flag
    -------------------------------------------------  ---------------------------
    Total                                     16.646ns (8.061ns logic, 8.585ns route)
                                                       (48.4% logic, 51.6% route)

--------------------------------------------------------------------------------

Paths for end point processor/data_registers/bus_width_loop[2].data_register_bit/rambit_3 (SLICE_X3Y76.BY), 532 paths
--------------------------------------------------------------------------------
Slack (setup path):     3.541ns (requirement - (data path - clock path skew + uncertainty))
  Source:               program/Mrom_dout_rom0000.A (RAM)
  Destination:          processor/data_registers/bus_width_loop[2].data_register_bit/rambit_3 (FF)
  Requirement:          20.000ns
  Data Path Delay:      16.459ns (Levels of Logic = 4)
  Clock Path Skew:      0.000ns
  Source Clock:         clk_BUFGP rising at 0.000ns
  Destination Clock:    clk_BUFGP rising at 20.000ns
  Clock Uncertainty:    0.000ns

  Maximum Data Path: program/Mrom_dout_rom0000.A to processor/data_registers/bus_width_loop[2].data_register_bit/rambit_3
    Location             Delay type         Delay(ns)  Physical Resource
                                                       Logical Resource(s)
    -------------------------------------------------  -------------------
    RAMB16_X0Y5.DOA7     Tbcko                 2.812   program/Mrom_dout_rom0000
                                                       program/Mrom_dout_rom0000.A
    SLICE_X7Y88.BY       net (fanout=11)       3.371   instruction<7>
    SLICE_X7Y88.Y        Tbyy                  0.850   processor/sY_register<5>
                                                       processor/data_registers/bus_width_loop[5].data_register_bit/Mmux_dpo_2_f6
    SLICE_X3Y57.F1       net (fanout=2)        1.728   processor/sY_register<5>
    SLICE_X3Y57.X        Tif5x                 1.025   N141
                                                       inport<0>4_SW0_G
                                                       inport<0>4_SW0
    SLICE_X12Y54.F3      net (fanout=9)        1.159   N141
    SLICE_X12Y54.X       Tilo                  0.759   N45
                                                       inport<2>15_SW0
    SLICE_X13Y65.F3      net (fanout=1)        1.061   N45
    SLICE_X13Y65.X       Tilo                  0.704   processor/data_registers/bus_width_loop[2].data_register_bit/rambit<0>
                                                       processor/ALU_result_2_or000065
    SLICE_X3Y76.BY       net (fanout=8)        2.629   processor/ALU_result<2>
    SLICE_X3Y76.CLK      Tdick                 0.361   processor/data_registers/bus_width_loop[2].data_register_bit/rambit<3>
                                                       processor/data_registers/bus_width_loop[2].data_register_bit/rambit_3
    -------------------------------------------------  ---------------------------
    Total                                     16.459ns (6.511ns logic, 9.948ns route)
                                                       (39.6% logic, 60.4% route)

--------------------------------------------------------------------------------
Slack (setup path):     3.546ns (requirement - (data path - clock path skew + uncertainty))
  Source:               program/Mrom_dout_rom0000.A (RAM)
  Destination:          processor/data_registers/bus_width_loop[2].data_register_bit/rambit_3 (FF)
  Requirement:          20.000ns
  Data Path Delay:      16.454ns (Levels of Logic = 5)
  Clock Path Skew:      0.000ns
  Source Clock:         clk_BUFGP rising at 0.000ns
  Destination Clock:    clk_BUFGP rising at 20.000ns
  Clock Uncertainty:    0.000ns

  Maximum Data Path: program/Mrom_dout_rom0000.A to processor/data_registers/bus_width_loop[2].data_register_bit/rambit_3
    Location             Delay type         Delay(ns)  Physical Resource
                                                       Logical Resource(s)
    -------------------------------------------------  -------------------
    RAMB16_X0Y5.DOA6     Tbcko                 2.812   program/Mrom_dout_rom0000
                                                       program/Mrom_dout_rom0000.A
    SLICE_X7Y88.BX       net (fanout=19)       3.106   instruction<6>
    SLICE_X7Y88.F5       Tbxf5                 0.589   processor/sY_register<5>
                                                       processor/data_registers/bus_width_loop[5].data_register_bit/Mmux_dpo_3_f5
    SLICE_X7Y88.FXINA    net (fanout=1)        0.000   processor/data_registers/bus_width_loop[5].data_register_bit/Mmux_dpo_3_f5
    SLICE_X7Y88.Y        Tif6y                 0.521   processor/sY_register<5>
                                                       processor/data_registers/bus_width_loop[5].data_register_bit/Mmux_dpo_2_f6
    SLICE_X3Y57.F1       net (fanout=2)        1.728   processor/sY_register<5>
    SLICE_X3Y57.X        Tif5x                 1.025   N141
                                                       inport<0>4_SW0_G
                                                       inport<0>4_SW0
    SLICE_X12Y54.F3      net (fanout=9)        1.159   N141
    SLICE_X12Y54.X       Tilo                  0.759   N45
                                                       inport<2>15_SW0
    SLICE_X13Y65.F3      net (fanout=1)        1.061   N45
    SLICE_X13Y65.X       Tilo                  0.704   processor/data_registers/bus_width_loop[2].data_register_bit/rambit<0>
                                                       processor/ALU_result_2_or000065
    SLICE_X3Y76.BY       net (fanout=8)        2.629   processor/ALU_result<2>
    SLICE_X3Y76.CLK      Tdick                 0.361   processor/data_registers/bus_width_loop[2].data_register_bit/rambit<3>
                                                       processor/data_registers/bus_width_loop[2].data_register_bit/rambit_3
    -------------------------------------------------  ---------------------------
    Total                                     16.454ns (6.771ns logic, 9.683ns route)
                                                       (41.2% logic, 58.8% route)

--------------------------------------------------------------------------------
Slack (setup path):     3.546ns (requirement - (data path - clock path skew + uncertainty))
  Source:               program/Mrom_dout_rom0000.A (RAM)
  Destination:          processor/data_registers/bus_width_loop[2].data_register_bit/rambit_3 (FF)
  Requirement:          20.000ns
  Data Path Delay:      16.454ns (Levels of Logic = 5)
  Clock Path Skew:      0.000ns
  Source Clock:         clk_BUFGP rising at 0.000ns
  Destination Clock:    clk_BUFGP rising at 20.000ns
  Clock Uncertainty:    0.000ns

  Maximum Data Path: program/Mrom_dout_rom0000.A to processor/data_registers/bus_width_loop[2].data_register_bit/rambit_3
    Location             Delay type         Delay(ns)  Physical Resource
                                                       Logical Resource(s)
    -------------------------------------------------  -------------------
    RAMB16_X0Y5.DOA6     Tbcko                 2.812   program/Mrom_dout_rom0000
                                                       program/Mrom_dout_rom0000.A
    SLICE_X7Y89.BX       net (fanout=19)       3.106   instruction<6>
    SLICE_X7Y89.F5       Tbxf5                 0.589   processor/data_registers/bus_width_loop[5].data_register_bit/Mmux_dpo_4_f5
                                                       processor/data_registers/bus_width_loop[5].data_register_bit/Mmux_dpo_4_f5
    SLICE_X7Y88.FXINB    net (fanout=1)        0.000   processor/data_registers/bus_width_loop[5].data_register_bit/Mmux_dpo_4_f5
    SLICE_X7Y88.Y        Tif6y                 0.521   processor/sY_register<5>
                                                       processor/data_registers/bus_width_loop[5].data_register_bit/Mmux_dpo_2_f6
    SLICE_X3Y57.F1       net (fanout=2)        1.728   processor/sY_register<5>
    SLICE_X3Y57.X        Tif5x                 1.025   N141
                                                       inport<0>4_SW0_G
                                                       inport<0>4_SW0
    SLICE_X12Y54.F3      net (fanout=9)        1.159   N141
    SLICE_X12Y54.X       Tilo                  0.759   N45
                                                       inport<2>15_SW0
    SLICE_X13Y65.F3      net (fanout=1)        1.061   N45
    SLICE_X13Y65.X       Tilo                  0.704   processor/data_registers/bus_width_loop[2].data_register_bit/rambit<0>
                                                       processor/ALU_result_2_or000065
    SLICE_X3Y76.BY       net (fanout=8)        2.629   processor/ALU_result<2>
    SLICE_X3Y76.CLK      Tdick                 0.361   processor/data_registers/bus_width_loop[2].data_register_bit/rambit<3>
                                                       processor/data_registers/bus_width_loop[2].data_register_bit/rambit_3
    -------------------------------------------------  ---------------------------
    Total                                     16.454ns (6.771ns logic, 9.683ns route)
                                                       (41.2% logic, 58.8% route)

--------------------------------------------------------------------------------

Hold Paths: NET "clk_BUFGP/IBUFG" PERIOD = 20 ns HIGH 40%;
--------------------------------------------------------------------------------

Paths for end point processor/interrupt_control/shaddow_zero (SLICE_X12Y55.BY), 1 path
--------------------------------------------------------------------------------
Slack (hold path):      1.047ns (requirement - (clock path skew + uncertainty - data path))
  Source:               processor/zero_logic/zero_flag (FF)
  Destination:          processor/interrupt_control/shaddow_zero (FF)
  Requirement:          0.000ns
  Data Path Delay:      1.045ns (Levels of Logic = 0)
  Clock Path Skew:      -0.002ns (0.012 - 0.014)
  Source Clock:         clk_BUFGP rising at 20.000ns
  Destination Clock:    clk_BUFGP rising at 20.000ns
  Clock Uncertainty:    0.000ns

  Minimum Data Path: processor/zero_logic/zero_flag to processor/interrupt_control/shaddow_zero
    Location             Delay type         Delay(ns)  Physical Resource
                                                       Logical Resource(s)
    -------------------------------------------------  -------------------
    SLICE_X12Y52.XQ      Tcko                  0.474   processor/zero_logic/zero_flag
                                                       processor/zero_logic/zero_flag
    SLICE_X12Y55.BY      net (fanout=2)        0.419   processor/zero_logic/zero_flag
    SLICE_X12Y55.CLK     Tckdi       (-Th)    -0.152   processor/interrupt_control/shaddow_zero
                                                       processor/interrupt_control/shaddow_zero
    -------------------------------------------------  ---------------------------
    Total                                      1.045ns (0.626ns logic, 0.419ns route)
                                                       (59.9% logic, 40.1% route)

--------------------------------------------------------------------------------

Paths for end point processor/interrupt_control/shaddow_carry (SLICE_X16Y50.BY), 1 path
--------------------------------------------------------------------------------
Slack (hold path):      1.129ns (requirement - (clock path skew + uncertainty - data path))
  Source:               processor/carry_logic/carry_flag (FF)
  Destination:          processor/interrupt_control/shaddow_carry (FF)
  Requirement:          0.000ns
  Data Path Delay:      1.129ns (Levels of Logic = 0)
  Clock Path Skew:      0.000ns
  Source Clock:         clk_BUFGP rising at 20.000ns
  Destination Clock:    clk_BUFGP rising at 20.000ns
  Clock Uncertainty:    0.000ns

  Minimum Data Path: processor/carry_logic/carry_flag to processor/interrupt_control/shaddow_carry
    Location             Delay type         Delay(ns)  Physical Resource
                                                       Logical Resource(s)
    -------------------------------------------------  -------------------
    SLICE_X17Y50.XQ      Tcko                  0.473   processor/carry_logic/carry_flag
                                                       processor/carry_logic/carry_flag
    SLICE_X16Y50.BY      net (fanout=5)        0.504   processor/carry_logic/carry_flag
    SLICE_X16Y50.CLK     Tckdi       (-Th)    -0.152   processor/interrupt_control/shaddow_carry
                                                       processor/interrupt_control/shaddow_carry
    -------------------------------------------------  ---------------------------
    Total                                      1.129ns (0.625ns logic, 0.504ns route)
                                                       (55.4% logic, 44.6% route)

--------------------------------------------------------------------------------

Paths for end point processor/basic_control/internal_T_state (SLICE_X32Y51.BY), 1 path
--------------------------------------------------------------------------------
Slack (hold path):      1.136ns (requirement - (clock path skew + uncertainty - data path))
  Source:               processor/basic_control/internal_T_state (FF)
  Destination:          processor/basic_control/internal_T_state (FF)
  Requirement:          0.000ns
  Data Path Delay:      1.136ns (Levels of Logic = 0)
  Clock Path Skew:      0.000ns
  Source Clock:         clk_BUFGP rising at 20.000ns
  Destination Clock:    clk_BUFGP rising at 20.000ns
  Clock Uncertainty:    0.000ns

  Minimum Data Path: processor/basic_control/internal_T_state to processor/basic_control/internal_T_state
    Location             Delay type         Delay(ns)  Physical Resource
                                                       Logical Resource(s)
    -------------------------------------------------  -------------------
    SLICE_X32Y51.YQ      Tcko                  0.522   processor/basic_control/internal_T_state
                                                       processor/basic_control/internal_T_state
    SLICE_X32Y51.BY      net (fanout=13)       0.462   processor/basic_control/internal_T_state
    SLICE_X32Y51.CLK     Tckdi       (-Th)    -0.152   processor/basic_control/internal_T_state
                                                       processor/basic_control/internal_T_state
    -------------------------------------------------  ---------------------------
    Total                                      1.136ns (0.674ns logic, 0.462ns route)
                                                       (59.3% logic, 40.7% route)

--------------------------------------------------------------------------------

Component Switching Limit Checks: NET "clk_BUFGP/IBUFG" PERIOD = 20 ns HIGH 40%;
--------------------------------------------------------------------------------
Slack: 16.030ns (period - (min high pulse limit / (high pulse / period)))
  Period: 20.000ns
  High pulse: 8.000ns
  High pulse limit: 1.588ns (Tbpwh)
  Physical resource: program/Mrom_dout_rom0000/CLKA
  Logical resource: program/Mrom_dout_rom0000.A/CLKA
  Location pin: RAMB16_X0Y5.CLKA
  Clock network: clk_BUFGP
--------------------------------------------------------------------------------
Slack: 16.824ns (period - min period limit)
  Period: 20.000ns
  Min period limit: 3.176ns (314.861MHz) (Tbp)
  Physical resource: program/Mrom_dout_rom0000/CLKA
  Logical resource: program/Mrom_dout_rom0000.A/CLKA
  Location pin: RAMB16_X0Y5.CLKA
  Clock network: clk_BUFGP
--------------------------------------------------------------------------------
Slack: 17.353ns (period - (min low pulse limit / (low pulse / period)))
  Period: 20.000ns
  Low pulse: 12.000ns
  Low pulse limit: 1.588ns (Tbpwl)
  Physical resource: program/Mrom_dout_rom0000/CLKA
  Logical resource: program/Mrom_dout_rom0000.A/CLKA
  Location pin: RAMB16_X0Y5.CLKA
  Clock network: clk_BUFGP
--------------------------------------------------------------------------------


All constraints were met.


Data Sheet report:
-----------------
All values displayed in nanoseconds (ns)

Clock to Setup on destination clock clk
---------------+---------+---------+---------+---------+
               | Src:Rise| Src:Fall| Src:Rise| Src:Fall|
Source Clock   |Dest:Rise|Dest:Rise|Dest:Fall|Dest:Fall|
---------------+---------+---------+---------+---------+
clk            |   16.808|         |         |         |
---------------+---------+---------+---------+---------+


Timing summary:
---------------

Timing errors: 0  Score: 0  (Setup/Max: 0, Hold: 0)

Constraints cover 50094 paths, 0 nets, and 1777 connections

Design statistics:
   Minimum period:  16.808ns{1}   (Maximum frequency:  59.495MHz)


------------------------------------Footnotes-----------------------------------
1)  The minimum period statistic assumes all single cycle delays.

Analysis completed Fri Jul 17 17:40:37 2026 
--------------------------------------------------------------------------------

Trace Settings:
-------------------------
Trace Settings 

Peak Memory Usage: 4511 MB



