--------------------------------------------------------------------------------
Release 14.7 Trace  (nt64)
Copyright (c) 1995-2013 Xilinx, Inc.  All rights reserved.

C:\Xilinx\14.7\ISE_DS\ISE\bin\nt64\unwrapped\trce.exe -intstyle ise -v 3 -s 4
-n 3 -fastpaths -xml toplevel.twx toplevel.ncd -o toplevel.twr toplevel.pcf
-ucf PicoBlaze_s3estarter.ucf

Design file:              toplevel.ncd
Physical constraint file: toplevel.pcf
Device,package,speed:     xc3s500e,fg320,-4 (PRODUCTION 1.27 2013-10-13)
Report level:             verbose report

Environment Variable      Effect 
--------------------      ------ 
NONE                      No environment variables were set
--------------------------------------------------------------------------------

INFO:Timing:3412 - To improve timing, see the Timing Closure User Guide (UG612).
INFO:Timing:2752 - To get complete path coverage, use the unconstrained paths 
   option. All paths that are not constrained will be reported in the 
   unconstrained paths section(s) of the report.
INFO:Timing:3339 - The clock-to-out numbers in this timing report are based on 
   a 50 Ohm transmission line loading model.  For the details of this model, 
   and for more information on accounting for different loading conditions, 
   please see the device datasheet.
INFO:Timing:3390 - This architecture does not support a default System Jitter 
   value, please add SYSTEM_JITTER constraint to the UCF to modify the Clock 
   Uncertainty calculation.
INFO:Timing:3389 - This architecture does not support 'Discrete Jitter' and 
   'Phase Error' calculations, these terms will be zero in the Clock 
   Uncertainty calculation.  Please make appropriate modification to 
   SYSTEM_JITTER to account for the unsupported Discrete Jitter and Phase 
   Error.

================================================================================
Timing constraint: NET "clk_BUFGP/IBUFG" PERIOD = 20 ns HIGH 40%;
For more information, see Period Analysis in the Timing Closure User Guide (UG612).

 48960 paths analyzed, 734 endpoints analyzed, 0 failing endpoints
 0 timing errors detected. (0 setup errors, 0 hold errors, 0 component switching limit errors)
 Minimum period is  18.142ns.
--------------------------------------------------------------------------------

Paths for end point processor/zero_logic/zero_flag (SLICE_X12Y49.F2), 2072 paths
--------------------------------------------------------------------------------
Slack (setup path):     1.858ns (requirement - (data path - clock path skew + uncertainty))
  Source:               program/Mrom_dout_rom0000.A (RAM)
  Destination:          processor/zero_logic/zero_flag (FF)
  Requirement:          20.000ns
  Data Path Delay:      18.120ns (Levels of Logic = 7)
  Clock Path Skew:      -0.022ns (0.037 - 0.059)
  Source Clock:         clk_BUFGP rising at 0.000ns
  Destination Clock:    clk_BUFGP rising at 20.000ns
  Clock Uncertainty:    0.000ns

  Maximum Data Path: program/Mrom_dout_rom0000.A to processor/zero_logic/zero_flag
    Location             Delay type         Delay(ns)  Physical Resource
                                                       Logical Resource(s)
    -------------------------------------------------  -------------------
    RAMB16_X0Y6.DOA7     Tbcko                 2.812   program/Mrom_dout_rom0000
                                                       program/Mrom_dout_rom0000.A
    SLICE_X3Y34.BY       net (fanout=11)       2.820   instruction<7>
    SLICE_X3Y34.Y        Tbyy                  0.850   processor/sY_register<1>
                                                       processor/data_registers/bus_width_loop[1].data_register_bit/Mmux_dpo_2_f6
    SLICE_X32Y55.G2      net (fanout=7)        2.940   processor/sY_register<1>
    SLICE_X32Y55.Y       Tilo                  0.759   processor/prog_count/selected_load_value<1>
                                                       processor/second_operand<1>1_1
    SLICE_X14Y54.G2      net (fanout=8)        1.943   processor/second_operand<1>1
    SLICE_X14Y54.X       Tif5x                 1.152   N20
                                                       Mram_RAM9/G
                                                       Mram_RAM9/F5
    SLICE_X15Y54.F4      net (fanout=1)        0.023   N20
    SLICE_X15Y54.X       Tilo                  0.704   inport<4>13
                                                       inport<4>13
    SLICE_X12Y54.G2      net (fanout=2)        0.500   inport<4>13
    SLICE_X12Y54.Y       Tilo                  0.759   processor/data_registers/bus_width_loop[4].data_register_bit/rambit<0>
                                                       processor/ALU_result_4_or000057
    SLICE_X12Y48.F4      net (fanout=8)        0.526   processor/ALU_result<4>
    SLICE_X12Y48.X       Tilo                  0.759   processor/zero_logic/next_zero_flag33
                                                       processor/zero_logic/next_zero_flag33
    SLICE_X12Y49.F2      net (fanout=1)        0.681   processor/zero_logic/next_zero_flag33
    SLICE_X12Y49.CLK     Tfck                  0.892   processor/zero_logic/zero_flag
                                                       processor/zero_logic/next_zero_flag49
                                                       processor/zero_logic/zero_flag
    -------------------------------------------------  ---------------------------
    Total                                     18.120ns (8.687ns logic, 9.433ns route)
                                                       (47.9% logic, 52.1% route)

--------------------------------------------------------------------------------
Slack (setup path):     1.858ns (requirement - (data path - clock path skew + uncertainty))
  Source:               program/Mrom_dout_rom0000.A (RAM)
  Destination:          processor/zero_logic/zero_flag (FF)
  Requirement:          20.000ns
  Data Path Delay:      18.120ns (Levels of Logic = 7)
  Clock Path Skew:      -0.022ns (0.037 - 0.059)
  Source Clock:         clk_BUFGP rising at 0.000ns
  Destination Clock:    clk_BUFGP rising at 20.000ns
  Clock Uncertainty:    0.000ns

  Maximum Data Path: program/Mrom_dout_rom0000.A to processor/zero_logic/zero_flag
    Location             Delay type         Delay(ns)  Physical Resource
                                                       Logical Resource(s)
    -------------------------------------------------  -------------------
    RAMB16_X0Y6.DOA7     Tbcko                 2.812   program/Mrom_dout_rom0000
                                                       program/Mrom_dout_rom0000.A
    SLICE_X3Y34.BY       net (fanout=11)       2.820   instruction<7>
    SLICE_X3Y34.Y        Tbyy                  0.850   processor/sY_register<1>
                                                       processor/data_registers/bus_width_loop[1].data_register_bit/Mmux_dpo_2_f6
    SLICE_X32Y55.G2      net (fanout=7)        2.940   processor/sY_register<1>
    SLICE_X32Y55.Y       Tilo                  0.759   processor/prog_count/selected_load_value<1>
                                                       processor/second_operand<1>1_1
    SLICE_X14Y55.G2      net (fanout=8)        1.943   processor/second_operand<1>1
    SLICE_X14Y55.X       Tif5x                 1.152   N22
                                                       Mram_RAM10/G
                                                       Mram_RAM10/F5
    SLICE_X15Y54.F3      net (fanout=1)        0.023   N22
    SLICE_X15Y54.X       Tilo                  0.704   inport<4>13
                                                       inport<4>13
    SLICE_X12Y54.G2      net (fanout=2)        0.500   inport<4>13
    SLICE_X12Y54.Y       Tilo                  0.759   processor/data_registers/bus_width_loop[4].data_register_bit/rambit<0>
                                                       processor/ALU_result_4_or000057
    SLICE_X12Y48.F4      net (fanout=8)        0.526   processor/ALU_result<4>
    SLICE_X12Y48.X       Tilo                  0.759   processor/zero_logic/next_zero_flag33
                                                       processor/zero_logic/next_zero_flag33
    SLICE_X12Y49.F2      net (fanout=1)        0.681   processor/zero_logic/next_zero_flag33
    SLICE_X12Y49.CLK     Tfck                  0.892   processor/zero_logic/zero_flag
                                                       processor/zero_logic/next_zero_flag49
                                                       processor/zero_logic/zero_flag
    -------------------------------------------------  ---------------------------
    Total                                     18.120ns (8.687ns logic, 9.433ns route)
                                                       (47.9% logic, 52.1% route)

--------------------------------------------------------------------------------
Slack (setup path):     1.894ns (requirement - (data path - clock path skew + uncertainty))
  Source:               program/Mrom_dout_rom0000.A (RAM)
  Destination:          processor/zero_logic/zero_flag (FF)
  Requirement:          20.000ns
  Data Path Delay:      18.084ns (Levels of Logic = 8)
  Clock Path Skew:      -0.022ns (0.037 - 0.059)
  Source Clock:         clk_BUFGP rising at 0.000ns
  Destination Clock:    clk_BUFGP rising at 20.000ns
  Clock Uncertainty:    0.000ns

  Maximum Data Path: program/Mrom_dout_rom0000.A to processor/zero_logic/zero_flag
    Location             Delay type         Delay(ns)  Physical Resource
                                                       Logical Resource(s)
    -------------------------------------------------  -------------------
    RAMB16_X0Y6.DOA6     Tbcko                 2.812   program/Mrom_dout_rom0000
                                                       program/Mrom_dout_rom0000.A
    SLICE_X3Y35.BX       net (fanout=19)       2.524   instruction<6>
    SLICE_X3Y35.F5       Tbxf5                 0.589   processor/data_registers/bus_width_loop[1].data_register_bit/Mmux_dpo_4_f5
                                                       processor/data_registers/bus_width_loop[1].data_register_bit/Mmux_dpo_4_f5
    SLICE_X3Y34.FXINB    net (fanout=1)        0.000   processor/data_registers/bus_width_loop[1].data_register_bit/Mmux_dpo_4_f5
    SLICE_X3Y34.Y        Tif6y                 0.521   processor/sY_register<1>
                                                       processor/data_registers/bus_width_loop[1].data_register_bit/Mmux_dpo_2_f6
    SLICE_X32Y55.G2      net (fanout=7)        2.940   processor/sY_register<1>
    SLICE_X32Y55.Y       Tilo                  0.759   processor/prog_count/selected_load_value<1>
                                                       processor/second_operand<1>1_1
    SLICE_X14Y55.G2      net (fanout=8)        1.943   processor/second_operand<1>1
    SLICE_X14Y55.X       Tif5x                 1.152   N22
                                                       Mram_RAM10/G
                                                       Mram_RAM10/F5
    SLICE_X15Y54.F3      net (fanout=1)        0.023   N22
    SLICE_X15Y54.X       Tilo                  0.704   inport<4>13
                                                       inport<4>13
    SLICE_X12Y54.G2      net (fanout=2)        0.500   inport<4>13
    SLICE_X12Y54.Y       Tilo                  0.759   processor/data_registers/bus_width_loop[4].data_register_bit/rambit<0>
                                                       processor/ALU_result_4_or000057
    SLICE_X12Y48.F4      net (fanout=8)        0.526   processor/ALU_result<4>
    SLICE_X12Y48.X       Tilo                  0.759   processor/zero_logic/next_zero_flag33
                                                       processor/zero_logic/next_zero_flag33
    SLICE_X12Y49.F2      net (fanout=1)        0.681   processor/zero_logic/next_zero_flag33
    SLICE_X12Y49.CLK     Tfck                  0.892   processor/zero_logic/zero_flag
                                                       processor/zero_logic/next_zero_flag49
                                                       processor/zero_logic/zero_flag
    -------------------------------------------------  ---------------------------
    Total                                     18.084ns (8.947ns logic, 9.137ns route)
                                                       (49.5% logic, 50.5% route)

--------------------------------------------------------------------------------

Paths for end point processor/zero_logic/zero_flag (SLICE_X12Y49.F3), 1559 paths
--------------------------------------------------------------------------------
Slack (setup path):     2.094ns (requirement - (data path - clock path skew + uncertainty))
  Source:               program/Mrom_dout_rom0000.A (RAM)
  Destination:          processor/zero_logic/zero_flag (FF)
  Requirement:          20.000ns
  Data Path Delay:      17.884ns (Levels of Logic = 7)
  Clock Path Skew:      -0.022ns (0.037 - 0.059)
  Source Clock:         clk_BUFGP rising at 0.000ns
  Destination Clock:    clk_BUFGP rising at 20.000ns
  Clock Uncertainty:    0.000ns

  Maximum Data Path: program/Mrom_dout_rom0000.A to processor/zero_logic/zero_flag
    Location             Delay type         Delay(ns)  Physical Resource
                                                       Logical Resource(s)
    -------------------------------------------------  -------------------
    RAMB16_X0Y6.DOA7     Tbcko                 2.812   program/Mrom_dout_rom0000
                                                       program/Mrom_dout_rom0000.A
    SLICE_X3Y34.BY       net (fanout=11)       2.820   instruction<7>
    SLICE_X3Y34.Y        Tbyy                  0.850   processor/sY_register<1>
                                                       processor/data_registers/bus_width_loop[1].data_register_bit/Mmux_dpo_2_f6
    SLICE_X32Y55.G2      net (fanout=7)        2.940   processor/sY_register<1>
    SLICE_X32Y55.Y       Tilo                  0.759   processor/prog_count/selected_load_value<1>
                                                       processor/second_operand<1>1_1
    SLICE_X12Y59.G2      net (fanout=8)        2.385   processor/second_operand<1>1
    SLICE_X12Y59.X       Tif5x                 1.152   N30
                                                       Mram_RAM14/G
                                                       Mram_RAM14/F5
    SLICE_X13Y58.G3      net (fanout=1)        0.055   N30
    SLICE_X13Y58.Y       Tilo                  0.704   processor/data_registers/bus_width_loop[6].data_register_bit/rambit<0>
                                                       inport<6>13
    SLICE_X13Y58.F3      net (fanout=2)        0.030   inport<6>13
    SLICE_X13Y58.X       Tilo                  0.704   processor/data_registers/bus_width_loop[6].data_register_bit/rambit<0>
                                                       processor/ALU_result_6_or000057
    SLICE_X12Y49.G4      net (fanout=8)        0.999   processor/ALU_result<6>
    SLICE_X12Y49.Y       Tilo                  0.759   processor/zero_logic/zero_flag
                                                       processor/zero_logic/next_zero_flag49_SW0_SW0
    SLICE_X12Y49.F3      net (fanout=1)        0.023   processor/zero_logic/next_zero_flag49_SW0_SW0/O
    SLICE_X12Y49.CLK     Tfck                  0.892   processor/zero_logic/zero_flag
                                                       processor/zero_logic/next_zero_flag49
                                                       processor/zero_logic/zero_flag
    -------------------------------------------------  ---------------------------
    Total                                     17.884ns (8.632ns logic, 9.252ns route)
                                                       (48.3% logic, 51.7% route)

--------------------------------------------------------------------------------
Slack (setup path):     2.130ns (requirement - (data path - clock path skew + uncertainty))
  Source:               program/Mrom_dout_rom0000.A (RAM)
  Destination:          processor/zero_logic/zero_flag (FF)
  Requirement:          20.000ns
  Data Path Delay:      17.848ns (Levels of Logic = 8)
  Clock Path Skew:      -0.022ns (0.037 - 0.059)
  Source Clock:         clk_BUFGP rising at 0.000ns
  Destination Clock:    clk_BUFGP rising at 20.000ns
  Clock Uncertainty:    0.000ns

  Maximum Data Path: program/Mrom_dout_rom0000.A to processor/zero_logic/zero_flag
    Location             Delay type         Delay(ns)  Physical Resource
                                                       Logical Resource(s)
    -------------------------------------------------  -------------------
    RAMB16_X0Y6.DOA6     Tbcko                 2.812   program/Mrom_dout_rom0000
                                                       program/Mrom_dout_rom0000.A
    SLICE_X3Y34.BX       net (fanout=19)       2.524   instruction<6>
    SLICE_X3Y34.F5       Tbxf5                 0.589   processor/sY_register<1>
                                                       processor/data_registers/bus_width_loop[1].data_register_bit/Mmux_dpo_3_f5
    SLICE_X3Y34.FXINA    net (fanout=1)        0.000   processor/data_registers/bus_width_loop[1].data_register_bit/Mmux_dpo_3_f5
    SLICE_X3Y34.Y        Tif6y                 0.521   processor/sY_register<1>
                                                       processor/data_registers/bus_width_loop[1].data_register_bit/Mmux_dpo_2_f6
    SLICE_X32Y55.G2      net (fanout=7)        2.940   processor/sY_register<1>
    SLICE_X32Y55.Y       Tilo                  0.759   processor/prog_count/selected_load_value<1>
                                                       processor/second_operand<1>1_1
    SLICE_X12Y59.G2      net (fanout=8)        2.385   processor/second_operand<1>1
    SLICE_X12Y59.X       Tif5x                 1.152   N30
                                                       Mram_RAM14/G
                                                       Mram_RAM14/F5
    SLICE_X13Y58.G3      net (fanout=1)        0.055   N30
    SLICE_X13Y58.Y       Tilo                  0.704   processor/data_registers/bus_width_loop[6].data_register_bit/rambit<0>
                                                       inport<6>13
    SLICE_X13Y58.F3      net (fanout=2)        0.030   inport<6>13
    SLICE_X13Y58.X       Tilo                  0.704   processor/data_registers/bus_width_loop[6].data_register_bit/rambit<0>
                                                       processor/ALU_result_6_or000057
    SLICE_X12Y49.G4      net (fanout=8)        0.999   processor/ALU_result<6>
    SLICE_X12Y49.Y       Tilo                  0.759   processor/zero_logic/zero_flag
                                                       processor/zero_logic/next_zero_flag49_SW0_SW0
    SLICE_X12Y49.F3      net (fanout=1)        0.023   processor/zero_logic/next_zero_flag49_SW0_SW0/O
    SLICE_X12Y49.CLK     Tfck                  0.892   processor/zero_logic/zero_flag
                                                       processor/zero_logic/next_zero_flag49
                                                       processor/zero_logic/zero_flag
    -------------------------------------------------  ---------------------------
    Total                                     17.848ns (8.892ns logic, 8.956ns route)
                                                       (49.8% logic, 50.2% route)

--------------------------------------------------------------------------------
Slack (setup path):     2.130ns (requirement - (data path - clock path skew + uncertainty))
  Source:               program/Mrom_dout_rom0000.A (RAM)
  Destination:          processor/zero_logic/zero_flag (FF)
  Requirement:          20.000ns
  Data Path Delay:      17.848ns (Levels of Logic = 8)
  Clock Path Skew:      -0.022ns (0.037 - 0.059)
  Source Clock:         clk_BUFGP rising at 0.000ns
  Destination Clock:    clk_BUFGP rising at 20.000ns
  Clock Uncertainty:    0.000ns

  Maximum Data Path: program/Mrom_dout_rom0000.A to processor/zero_logic/zero_flag
    Location             Delay type         Delay(ns)  Physical Resource
                                                       Logical Resource(s)
    -------------------------------------------------  -------------------
    RAMB16_X0Y6.DOA6     Tbcko                 2.812   program/Mrom_dout_rom0000
                                                       program/Mrom_dout_rom0000.A
    SLICE_X3Y35.BX       net (fanout=19)       2.524   instruction<6>
    SLICE_X3Y35.F5       Tbxf5                 0.589   processor/data_registers/bus_width_loop[1].data_register_bit/Mmux_dpo_4_f5
                                                       processor/data_registers/bus_width_loop[1].data_register_bit/Mmux_dpo_4_f5
    SLICE_X3Y34.FXINB    net (fanout=1)        0.000   processor/data_registers/bus_width_loop[1].data_register_bit/Mmux_dpo_4_f5
    SLICE_X3Y34.Y        Tif6y                 0.521   processor/sY_register<1>
                                                       processor/data_registers/bus_width_loop[1].data_register_bit/Mmux_dpo_2_f6
    SLICE_X32Y55.G2      net (fanout=7)        2.940   processor/sY_register<1>
    SLICE_X32Y55.Y       Tilo                  0.759   processor/prog_count/selected_load_value<1>
                                                       processor/second_operand<1>1_1
    SLICE_X12Y59.G2      net (fanout=8)        2.385   processor/second_operand<1>1
    SLICE_X12Y59.X       Tif5x                 1.152   N30
                                                       Mram_RAM14/G
                                                       Mram_RAM14/F5
    SLICE_X13Y58.G3      net (fanout=1)        0.055   N30
    SLICE_X13Y58.Y       Tilo                  0.704   processor/data_registers/bus_width_loop[6].data_register_bit/rambit<0>
                                                       inport<6>13
    SLICE_X13Y58.F3      net (fanout=2)        0.030   inport<6>13
    SLICE_X13Y58.X       Tilo                  0.704   processor/data_registers/bus_width_loop[6].data_register_bit/rambit<0>
                                                       processor/ALU_result_6_or000057
    SLICE_X12Y49.G4      net (fanout=8)        0.999   processor/ALU_result<6>
    SLICE_X12Y49.Y       Tilo                  0.759   processor/zero_logic/zero_flag
                                                       processor/zero_logic/next_zero_flag49_SW0_SW0
    SLICE_X12Y49.F3      net (fanout=1)        0.023   processor/zero_logic/next_zero_flag49_SW0_SW0/O
    SLICE_X12Y49.CLK     Tfck                  0.892   processor/zero_logic/zero_flag
                                                       processor/zero_logic/next_zero_flag49
                                                       processor/zero_logic/zero_flag
    -------------------------------------------------  ---------------------------
    Total                                     17.848ns (8.892ns logic, 8.956ns route)
                                                       (49.8% logic, 50.2% route)

--------------------------------------------------------------------------------

Paths for end point processor/data_registers/bus_width_loop[6].data_register_bit/rambit_2 (SLICE_X16Y75.BY), 518 paths
--------------------------------------------------------------------------------
Slack (setup path):     2.623ns (requirement - (data path - clock path skew + uncertainty))
  Source:               program/Mrom_dout_rom0000.A (RAM)
  Destination:          processor/data_registers/bus_width_loop[6].data_register_bit/rambit_2 (FF)
  Requirement:          20.000ns
  Data Path Delay:      17.345ns (Levels of Logic = 5)
  Clock Path Skew:      -0.032ns (0.072 - 0.104)
  Source Clock:         clk_BUFGP rising at 0.000ns
  Destination Clock:    clk_BUFGP rising at 20.000ns
  Clock Uncertainty:    0.000ns

  Maximum Data Path: program/Mrom_dout_rom0000.A to processor/data_registers/bus_width_loop[6].data_register_bit/rambit_2
    Location             Delay type         Delay(ns)  Physical Resource
                                                       Logical Resource(s)
    -------------------------------------------------  -------------------
    RAMB16_X0Y6.DOA7     Tbcko                 2.812   program/Mrom_dout_rom0000
                                                       program/Mrom_dout_rom0000.A
    SLICE_X3Y34.BY       net (fanout=11)       2.820   instruction<7>
    SLICE_X3Y34.Y        Tbyy                  0.850   processor/sY_register<1>
                                                       processor/data_registers/bus_width_loop[1].data_register_bit/Mmux_dpo_2_f6
    SLICE_X32Y55.G2      net (fanout=7)        2.940   processor/sY_register<1>
    SLICE_X32Y55.Y       Tilo                  0.759   processor/prog_count/selected_load_value<1>
                                                       processor/second_operand<1>1_1
    SLICE_X12Y59.G2      net (fanout=8)        2.385   processor/second_operand<1>1
    SLICE_X12Y59.X       Tif5x                 1.152   N30
                                                       Mram_RAM14/G
                                                       Mram_RAM14/F5
    SLICE_X13Y58.G3      net (fanout=1)        0.055   N30
    SLICE_X13Y58.Y       Tilo                  0.704   processor/data_registers/bus_width_loop[6].data_register_bit/rambit<0>
                                                       inport<6>13
    SLICE_X13Y58.F3      net (fanout=2)        0.030   inport<6>13
    SLICE_X13Y58.X       Tilo                  0.704   processor/data_registers/bus_width_loop[6].data_register_bit/rambit<0>
                                                       processor/ALU_result_6_or000057
    SLICE_X16Y75.BY      net (fanout=8)        1.752   processor/ALU_result<6>
    SLICE_X16Y75.CLK     Tdick                 0.382   processor/data_registers/bus_width_loop[6].data_register_bit/rambit<2>
                                                       processor/data_registers/bus_width_loop[6].data_register_bit/rambit_2
    -------------------------------------------------  ---------------------------
    Total                                     17.345ns (7.363ns logic, 9.982ns route)
                                                       (42.5% logic, 57.5% route)

--------------------------------------------------------------------------------
Slack (setup path):     2.659ns (requirement - (data path - clock path skew + uncertainty))
  Source:               program/Mrom_dout_rom0000.A (RAM)
  Destination:          processor/data_registers/bus_width_loop[6].data_register_bit/rambit_2 (FF)
  Requirement:          20.000ns
  Data Path Delay:      17.309ns (Levels of Logic = 6)
  Clock Path Skew:      -0.032ns (0.072 - 0.104)
  Source Clock:         clk_BUFGP rising at 0.000ns
  Destination Clock:    clk_BUFGP rising at 20.000ns
  Clock Uncertainty:    0.000ns

  Maximum Data Path: program/Mrom_dout_rom0000.A to processor/data_registers/bus_width_loop[6].data_register_bit/rambit_2
    Location             Delay type         Delay(ns)  Physical Resource
                                                       Logical Resource(s)
    -------------------------------------------------  -------------------
    RAMB16_X0Y6.DOA6     Tbcko                 2.812   program/Mrom_dout_rom0000
                                                       program/Mrom_dout_rom0000.A
    SLICE_X3Y34.BX       net (fanout=19)       2.524   instruction<6>
    SLICE_X3Y34.F5       Tbxf5                 0.589   processor/sY_register<1>
                                                       processor/data_registers/bus_width_loop[1].data_register_bit/Mmux_dpo_3_f5
    SLICE_X3Y34.FXINA    net (fanout=1)        0.000   processor/data_registers/bus_width_loop[1].data_register_bit/Mmux_dpo_3_f5
    SLICE_X3Y34.Y        Tif6y                 0.521   processor/sY_register<1>
                                                       processor/data_registers/bus_width_loop[1].data_register_bit/Mmux_dpo_2_f6
    SLICE_X32Y55.G2      net (fanout=7)        2.940   processor/sY_register<1>
    SLICE_X32Y55.Y       Tilo                  0.759   processor/prog_count/selected_load_value<1>
                                                       processor/second_operand<1>1_1
    SLICE_X12Y59.G2      net (fanout=8)        2.385   processor/second_operand<1>1
    SLICE_X12Y59.X       Tif5x                 1.152   N30
                                                       Mram_RAM14/G
                                                       Mram_RAM14/F5
    SLICE_X13Y58.G3      net (fanout=1)        0.055   N30
    SLICE_X13Y58.Y       Tilo                  0.704   processor/data_registers/bus_width_loop[6].data_register_bit/rambit<0>
                                                       inport<6>13
    SLICE_X13Y58.F3      net (fanout=2)        0.030   inport<6>13
    SLICE_X13Y58.X       Tilo                  0.704   processor/data_registers/bus_width_loop[6].data_register_bit/rambit<0>
                                                       processor/ALU_result_6_or000057
    SLICE_X16Y75.BY      net (fanout=8)        1.752   processor/ALU_result<6>
    SLICE_X16Y75.CLK     Tdick                 0.382   processor/data_registers/bus_width_loop[6].data_register_bit/rambit<2>
                                                       processor/data_registers/bus_width_loop[6].data_register_bit/rambit_2
    -------------------------------------------------  ---------------------------
    Total                                     17.309ns (7.623ns logic, 9.686ns route)
                                                       (44.0% logic, 56.0% route)

--------------------------------------------------------------------------------
Slack (setup path):     2.659ns (requirement - (data path - clock path skew + uncertainty))
  Source:               program/Mrom_dout_rom0000.A (RAM)
  Destination:          processor/data_registers/bus_width_loop[6].data_register_bit/rambit_2 (FF)
  Requirement:          20.000ns
  Data Path Delay:      17.309ns (Levels of Logic = 6)
  Clock Path Skew:      -0.032ns (0.072 - 0.104)
  Source Clock:         clk_BUFGP rising at 0.000ns
  Destination Clock:    clk_BUFGP rising at 20.000ns
  Clock Uncertainty:    0.000ns

  Maximum Data Path: program/Mrom_dout_rom0000.A to processor/data_registers/bus_width_loop[6].data_register_bit/rambit_2
    Location             Delay type         Delay(ns)  Physical Resource
                                                       Logical Resource(s)
    -------------------------------------------------  -------------------
    RAMB16_X0Y6.DOA6     Tbcko                 2.812   program/Mrom_dout_rom0000
                                                       program/Mrom_dout_rom0000.A
    SLICE_X3Y35.BX       net (fanout=19)       2.524   instruction<6>
    SLICE_X3Y35.F5       Tbxf5                 0.589   processor/data_registers/bus_width_loop[1].data_register_bit/Mmux_dpo_4_f5
                                                       processor/data_registers/bus_width_loop[1].data_register_bit/Mmux_dpo_4_f5
    SLICE_X3Y34.FXINB    net (fanout=1)        0.000   processor/data_registers/bus_width_loop[1].data_register_bit/Mmux_dpo_4_f5
    SLICE_X3Y34.Y        Tif6y                 0.521   processor/sY_register<1>
                                                       processor/data_registers/bus_width_loop[1].data_register_bit/Mmux_dpo_2_f6
    SLICE_X32Y55.G2      net (fanout=7)        2.940   processor/sY_register<1>
    SLICE_X32Y55.Y       Tilo                  0.759   processor/prog_count/selected_load_value<1>
                                                       processor/second_operand<1>1_1
    SLICE_X12Y59.G2      net (fanout=8)        2.385   processor/second_operand<1>1
    SLICE_X12Y59.X       Tif5x                 1.152   N30
                                                       Mram_RAM14/G
                                                       Mram_RAM14/F5
    SLICE_X13Y58.G3      net (fanout=1)        0.055   N30
    SLICE_X13Y58.Y       Tilo                  0.704   processor/data_registers/bus_width_loop[6].data_register_bit/rambit<0>
                                                       inport<6>13
    SLICE_X13Y58.F3      net (fanout=2)        0.030   inport<6>13
    SLICE_X13Y58.X       Tilo                  0.704   processor/data_registers/bus_width_loop[6].data_register_bit/rambit<0>
                                                       processor/ALU_result_6_or000057
    SLICE_X16Y75.BY      net (fanout=8)        1.752   processor/ALU_result<6>
    SLICE_X16Y75.CLK     Tdick                 0.382   processor/data_registers/bus_width_loop[6].data_register_bit/rambit<2>
                                                       processor/data_registers/bus_width_loop[6].data_register_bit/rambit_2
    -------------------------------------------------  ---------------------------
    Total                                     17.309ns (7.623ns logic, 9.686ns route)
                                                       (44.0% logic, 56.0% route)

--------------------------------------------------------------------------------

Hold Paths: NET "clk_BUFGP/IBUFG" PERIOD = 20 ns HIGH 40%;
--------------------------------------------------------------------------------

Paths for end point processor/stack_memory/bus_width_loop[1].stack_ram_bit/rambit_1 (SLICE_X37Y56.BY), 1 path
--------------------------------------------------------------------------------
Slack (hold path):      1.102ns (requirement - (clock path skew + uncertainty - data path))
  Source:               processor/prog_count/count_value_1 (FF)
  Destination:          processor/stack_memory/bus_width_loop[1].stack_ram_bit/rambit_1 (FF)
  Requirement:          0.000ns
  Data Path Delay:      1.099ns (Levels of Logic = 0)
  Clock Path Skew:      -0.003ns (0.009 - 0.012)
  Source Clock:         clk_BUFGP rising at 20.000ns
  Destination Clock:    clk_BUFGP rising at 20.000ns
  Clock Uncertainty:    0.000ns

  Minimum Data Path: processor/prog_count/count_value_1 to processor/stack_memory/bus_width_loop[1].stack_ram_bit/rambit_1
    Location             Delay type         Delay(ns)  Physical Resource
                                                       Logical Resource(s)
    -------------------------------------------------  -------------------
    SLICE_X36Y55.XQ      Tcko                  0.474   processor/prog_count/count_value<1>
                                                       processor/prog_count/count_value_1
    SLICE_X37Y56.BY      net (fanout=7)        0.490   processor/prog_count/count_value<1>
    SLICE_X37Y56.CLK     Tckdi       (-Th)    -0.135   processor/stack_memory/bus_width_loop[1].stack_ram_bit/rambit<1>
                                                       processor/stack_memory/bus_width_loop[1].stack_ram_bit/rambit_1
    -------------------------------------------------  ---------------------------
    Total                                      1.099ns (0.609ns logic, 0.490ns route)
                                                       (55.4% logic, 44.6% route)

--------------------------------------------------------------------------------

Paths for end point processor/basic_control/internal_T_state (SLICE_X40Y52.BY), 1 path
--------------------------------------------------------------------------------
Slack (hold path):      1.136ns (requirement - (clock path skew + uncertainty - data path))
  Source:               processor/basic_control/internal_T_state (FF)
  Destination:          processor/basic_control/internal_T_state (FF)
  Requirement:          0.000ns
  Data Path Delay:      1.136ns (Levels of Logic = 0)
  Clock Path Skew:      0.000ns
  Source Clock:         clk_BUFGP rising at 20.000ns
  Destination Clock:    clk_BUFGP rising at 20.000ns
  Clock Uncertainty:    0.000ns

  Minimum Data Path: processor/basic_control/internal_T_state to processor/basic_control/internal_T_state
    Location             Delay type         Delay(ns)  Physical Resource
                                                       Logical Resource(s)
    -------------------------------------------------  -------------------
    SLICE_X40Y52.YQ      Tcko                  0.522   processor/basic_control/internal_T_state
                                                       processor/basic_control/internal_T_state
    SLICE_X40Y52.BY      net (fanout=13)       0.462   processor/basic_control/internal_T_state
    SLICE_X40Y52.CLK     Tckdi       (-Th)    -0.152   processor/basic_control/internal_T_state
                                                       processor/basic_control/internal_T_state
    -------------------------------------------------  ---------------------------
    Total                                      1.136ns (0.674ns logic, 0.462ns route)
                                                       (59.3% logic, 40.7% route)

--------------------------------------------------------------------------------

Paths for end point processor/stack_memory/bus_width_loop[1].stack_ram_bit/rambit_3 (SLICE_X39Y55.BY), 1 path
--------------------------------------------------------------------------------
Slack (hold path):      1.143ns (requirement - (clock path skew + uncertainty - data path))
  Source:               processor/prog_count/count_value_1 (FF)
  Destination:          processor/stack_memory/bus_width_loop[1].stack_ram_bit/rambit_3 (FF)
  Requirement:          0.000ns
  Data Path Delay:      1.139ns (Levels of Logic = 0)
  Clock Path Skew:      -0.004ns (0.045 - 0.049)
  Source Clock:         clk_BUFGP rising at 20.000ns
  Destination Clock:    clk_BUFGP rising at 20.000ns
  Clock Uncertainty:    0.000ns

  Minimum Data Path: processor/prog_count/count_value_1 to processor/stack_memory/bus_width_loop[1].stack_ram_bit/rambit_3
    Location             Delay type         Delay(ns)  Physical Resource
                                                       Logical Resource(s)
    -------------------------------------------------  -------------------
    SLICE_X36Y55.XQ      Tcko                  0.474   processor/prog_count/count_value<1>
                                                       processor/prog_count/count_value_1
    SLICE_X39Y55.BY      net (fanout=7)        0.530   processor/prog_count/count_value<1>
    SLICE_X39Y55.CLK     Tckdi       (-Th)    -0.135   processor/stack_memory/bus_width_loop[1].stack_ram_bit/rambit<3>
                                                       processor/stack_memory/bus_width_loop[1].stack_ram_bit/rambit_3
    -------------------------------------------------  ---------------------------
    Total                                      1.139ns (0.609ns logic, 0.530ns route)
                                                       (53.5% logic, 46.5% route)

--------------------------------------------------------------------------------

Component Switching Limit Checks: NET "clk_BUFGP/IBUFG" PERIOD = 20 ns HIGH 40%;
--------------------------------------------------------------------------------
Slack: 16.030ns (period - (min high pulse limit / (high pulse / period)))
  Period: 20.000ns
  High pulse: 8.000ns
  High pulse limit: 1.588ns (Tbpwh)
  Physical resource: program/Mrom_dout_rom0000/CLKA
  Logical resource: program/Mrom_dout_rom0000.A/CLKA
  Location pin: RAMB16_X0Y6.CLKA
  Clock network: clk_BUFGP
--------------------------------------------------------------------------------
Slack: 16.824ns (period - min period limit)
  Period: 20.000ns
  Min period limit: 3.176ns (314.861MHz) (Tbp)
  Physical resource: program/Mrom_dout_rom0000/CLKA
  Logical resource: program/Mrom_dout_rom0000.A/CLKA
  Location pin: RAMB16_X0Y6.CLKA
  Clock network: clk_BUFGP
--------------------------------------------------------------------------------
Slack: 17.353ns (period - (min low pulse limit / (low pulse / period)))
  Period: 20.000ns
  Low pulse: 12.000ns
  Low pulse limit: 1.588ns (Tbpwl)
  Physical resource: program/Mrom_dout_rom0000/CLKA
  Logical resource: program/Mrom_dout_rom0000.A/CLKA
  Location pin: RAMB16_X0Y6.CLKA
  Clock network: clk_BUFGP
--------------------------------------------------------------------------------


All constraints were met.


Data Sheet report:
-----------------
All values displayed in nanoseconds (ns)

Clock to Setup on destination clock clk
---------------+---------+---------+---------+---------+
               | Src:Rise| Src:Fall| Src:Rise| Src:Fall|
Source Clock   |Dest:Rise|Dest:Rise|Dest:Fall|Dest:Fall|
---------------+---------+---------+---------+---------+
clk            |   18.142|         |         |         |
---------------+---------+---------+---------+---------+


Timing summary:
---------------

Timing errors: 0  Score: 0  (Setup/Max: 0, Hold: 0)

Constraints cover 48960 paths, 0 nets, and 1748 connections

Design statistics:
   Minimum period:  18.142ns{1}   (Maximum frequency:  55.121MHz)


------------------------------------Footnotes-----------------------------------
1)  The minimum period statistic assumes all single cycle delays.

Analysis completed Thu Jul 16 19:37:58 2026 
--------------------------------------------------------------------------------

Trace Settings:
-------------------------
Trace Settings 

Peak Memory Usage: 4511 MB



